Archive member included to satisfy reference by file (symbol)

c:/program files (x86)/atollic/truestudio for stm32 9.3.0/armtools/bin/../lib/gcc/arm-atollic-eabi/6.3.1/../../../../arm-atollic-eabi/lib/armv7e-m/fpu\libc_nano.a(lib_a-init.o)
                              src\startup_stm32f40xx.o (__libc_init_array)
c:/program files (x86)/atollic/truestudio for stm32 9.3.0/armtools/bin/../lib/gcc/arm-atollic-eabi/6.3.1/../../../../arm-atollic-eabi/lib/armv7e-m/fpu\libc_nano.a(lib_a-memcpy-stub.o)
                              Service\FreeRTOS\src\queue.o (memcpy)
c:/program files (x86)/atollic/truestudio for stm32 9.3.0/armtools/bin/../lib/gcc/arm-atollic-eabi/6.3.1/../../../../arm-atollic-eabi/lib/armv7e-m/fpu\libc_nano.a(lib_a-memset.o)
                              Service\FreeRTOS\src\cmsis_os.o (memset)
c:/program files (x86)/atollic/truestudio for stm32 9.3.0/armtools/bin/../lib/gcc/arm-atollic-eabi/6.3.1/../../../../arm-atollic-eabi/lib/armv7e-m/fpu\libc_nano.a(lib_a-strlen.o)
                              HAL\src\WIFI.o (strlen)
c:/program files (x86)/atollic/truestudio for stm32 9.3.0/armtools/bin/../lib/gcc/arm-atollic-eabi/6.3.1/armv7e-m/fpu\libgcc.a(_arm_addsubdf3.o)
                              MCAL\src\timer.o (__aeabi_dsub)
c:/program files (x86)/atollic/truestudio for stm32 9.3.0/armtools/bin/../lib/gcc/arm-atollic-eabi/6.3.1/armv7e-m/fpu\libgcc.a(_arm_muldivdf3.o)
                              MCAL\src\timer.o (__aeabi_dmul)
c:/program files (x86)/atollic/truestudio for stm32 9.3.0/armtools/bin/../lib/gcc/arm-atollic-eabi/6.3.1/armv7e-m/fpu\libgcc.a(_arm_fixunsdfsi.o)
                              MCAL\src\timer.o (__aeabi_d2uiz)
c:/program files (x86)/atollic/truestudio for stm32 9.3.0/armtools/bin/../lib/gcc/arm-atollic-eabi/6.3.1/armv7e-m/fpu\libgcc.a(_arm_truncdfsf2.o)
                              MCAL\src\uart.o (__aeabi_d2f)
c:/program files (x86)/atollic/truestudio for stm32 9.3.0/armtools/bin/../lib/gcc/arm-atollic-eabi/6.3.1/../../../../arm-atollic-eabi/lib/armv7e-m/fpu\libnosys.a(write.o)
                              src\tiny_printf.o (_write)
c:/program files (x86)/atollic/truestudio for stm32 9.3.0/armtools/bin/../lib/gcc/arm-atollic-eabi/6.3.1/../../../../arm-atollic-eabi/lib/armv7e-m/fpu\libnosys.a(errno.o)
                              c:/program files (x86)/atollic/truestudio for stm32 9.3.0/armtools/bin/../lib/gcc/arm-atollic-eabi/6.3.1/../../../../arm-atollic-eabi/lib/armv7e-m/fpu\libnosys.a(write.o) (errno)

Allocating common symbols
Common symbol       size              file

errno               0x4               c:/program files (x86)/atollic/truestudio for stm32 9.3.0/armtools/bin/../lib/gcc/arm-atollic-eabi/6.3.1/../../../../arm-atollic-eabi/lib/armv7e-m/fpu\libnosys.a(errno.o)
handler_left        0x4               HAL\src\board.o
xQueueRegistry      0x40              Service\FreeRTOS\src\queue.o
handler_up          0x4               HAL\src\board.o
handler_center      0x4               HAL\src\board.o
handler_right       0x4               HAL\src\board.o
notifyHandle        0x4               MCAL\src\timer.o
handler_down        0x4               HAL\src\board.o

Discarded input sections

 .text          0x00000000        0x0 c:/program files (x86)/atollic/truestudio for stm32 9.3.0/armtools/bin/../lib/gcc/arm-atollic-eabi/6.3.1/armv7e-m/fpu/crti.o
 .data          0x00000000        0x0 c:/program files (x86)/atollic/truestudio for stm32 9.3.0/armtools/bin/../lib/gcc/arm-atollic-eabi/6.3.1/armv7e-m/fpu/crti.o
 .bss           0x00000000        0x0 c:/program files (x86)/atollic/truestudio for stm32 9.3.0/armtools/bin/../lib/gcc/arm-atollic-eabi/6.3.1/armv7e-m/fpu/crti.o
 .data          0x00000000        0x4 c:/program files (x86)/atollic/truestudio for stm32 9.3.0/armtools/bin/../lib/gcc/arm-atollic-eabi/6.3.1/armv7e-m/fpu/crtbegin.o
 .text          0x00000000        0x0 HAL\src\EEPROM.o
 .data          0x00000000        0x0 HAL\src\EEPROM.o
 .bss           0x00000000        0x0 HAL\src\EEPROM.o
 .text.EEPROM_Init
                0x00000000        0xc HAL\src\EEPROM.o
 .text.EEPROM_WriteByte
                0x00000000       0x5c HAL\src\EEPROM.o
 .text.EEPROM_ReadByte
                0x00000000       0x6e HAL\src\EEPROM.o
 .debug_info    0x00000000      0x1b6 HAL\src\EEPROM.o
 .debug_abbrev  0x00000000       0xb9 HAL\src\EEPROM.o
 .debug_aranges
                0x00000000       0x30 HAL\src\EEPROM.o
 .debug_ranges  0x00000000       0x20 HAL\src\EEPROM.o
 .debug_line    0x00000000      0x1c3 HAL\src\EEPROM.o
 .debug_str     0x00000000      0x25a HAL\src\EEPROM.o
 .comment       0x00000000       0x7d HAL\src\EEPROM.o
 .debug_frame   0x00000000       0x74 HAL\src\EEPROM.o
 .ARM.attributes
                0x00000000       0x39 HAL\src\EEPROM.o
 .text          0x00000000        0x0 HAL\src\LCD.o
 .data          0x00000000        0x0 HAL\src\LCD.o
 .bss           0x00000000        0x0 HAL\src\LCD.o
 .text.LCD_GotoXY
                0x00000000       0x3e HAL\src\LCD.o
[...]
Memory Configuration

Name             Origin             Length             Attributes
FLASH            0x08000000         0x00080000         xr
RAM              0x20000000         0x00018000         xrw
MEMORY_B1        0x60000000         0x00000000         xr
CCMRAM           0x10000000         0x00010000         rw
*default*        0x00000000         0xffffffff

Linker script and memory map

LOAD c:/program files (x86)/atollic/truestudio for stm32 9.3.0/armtools/bin/../lib/gcc/arm-atollic-eabi/6.3.1/armv7e-m/fpu/crti.o
LOAD c:/program files (x86)/atollic/truestudio for stm32 9.3.0/armtools/bin/../lib/gcc/arm-atollic-eabi/6.3.1/armv7e-m/fpu/crtbegin.o
LOAD HAL\src\EEPROM.o
LOAD HAL\src\LCD.o
LOAD HAL\src\Servo.o
LOAD HAL\src\WIFI.o
LOAD HAL\src\board.o
LOAD HAL\src\keypad.o
LOAD HAL\src\segment.o
LOAD HAL\src\ultrasonic.o
LOAD Libraries\STM32F4xx_StdPeriph_Driver\src\misc.o
LOAD Libraries\STM32F4xx_StdPeriph_Driver\src\stm32f4xx_adc.o
LOAD Libraries\STM32F4xx_StdPeriph_Driver\src\stm32f4xx_can.o
LOAD Libraries\STM32F4xx_StdPeriph_Driver\src\stm32f4xx_crc.o
LOAD Libraries\STM32F4xx_StdPeriph_Driver\src\stm32f4xx_cryp.o
LOAD Libraries\STM32F4xx_StdPeriph_Driver\src\stm32f4xx_cryp_aes.o
LOAD Libraries\STM32F4xx_StdPeriph_Driver\src\stm32f4xx_cryp_des.o
LOAD Libraries\STM32F4xx_StdPeriph_Driver\src\stm32f4xx_cryp_tdes.o
LOAD Libraries\STM32F4xx_StdPeriph_Driver\src\stm32f4xx_dac.o
LOAD Libraries\STM32F4xx_StdPeriph_Driver\src\stm32f4xx_dbgmcu.o
LOAD Libraries\STM32F4xx_StdPeriph_Driver\src\stm32f4xx_dcmi.o
LOAD Libraries\STM32F4xx_StdPeriph_Driver\src\stm32f4xx_dma.o
LOAD Libraries\STM32F4xx_StdPeriph_Driver\src\stm32f4xx_exti.o
LOAD Libraries\STM32F4xx_StdPeriph_Driver\src\stm32f4xx_flash.o
LOAD Libraries\STM32F4xx_StdPeriph_Driver\src\stm32f4xx_fsmc.o
LOAD Libraries\STM32F4xx_StdPeriph_Driver\src\stm32f4xx_gpio.o
LOAD Libraries\STM32F4xx_StdPeriph_Driver\src\stm32f4xx_hash.o
LOAD Libraries\STM32F4xx_StdPeriph_Driver\src\stm32f4xx_hash_md5.o
LOAD Libraries\STM32F4xx_StdPeriph_Driver\src\stm32f4xx_hash_sha1.o
LOAD Libraries\STM32F4xx_StdPeriph_Driver\src\stm32f4xx_i2c.o
LOAD Libraries\STM32F4xx_StdPeriph_Driver\src\stm32f4xx_iwdg.o
LOAD Libraries\STM32F4xx_StdPeriph_Driver\src\stm32f4xx_pwr.o
LOAD Libraries\STM32F4xx_StdPeriph_Driver\src\stm32f4xx_rcc.o
LOAD Libraries\STM32F4xx_StdPeriph_Driver\src\stm32f4xx_rng.o
LOAD Libraries\STM32F4xx_StdPeriph_Driver\src\stm32f4xx_rtc.o
LOAD Libraries\STM32F4xx_StdPeriph_Driver\src\stm32f4xx_sdio.o
LOAD Libraries\STM32F4xx_StdPeriph_Driver\src\stm32f4xx_spi.o
LOAD Libraries\STM32F4xx_StdPeriph_Driver\src\stm32f4xx_syscfg.o
LOAD Libraries\STM32F4xx_StdPeriph_Driver\src\stm32f4xx_tim.o
LOAD Libraries\STM32F4xx_StdPeriph_Driver\src\stm32f4xx_usart.o
LOAD Libraries\STM32F4xx_StdPeriph_Driver\src\stm32f4xx_wwdg.o
LOAD MCAL\src\SPI.o
LOAD MCAL\src\adc.o
LOAD MCAL\src\i2c.o
LOAD MCAL\src\systick.o
LOAD MCAL\src\timer.o
LOAD MCAL\src\uart.o
LOAD Service\FreeRTOS\src\cmsis_os.o
LOAD Service\FreeRTOS\src\croutine.o
LOAD Service\FreeRTOS\src\event_groups.o
LOAD Service\FreeRTOS\src\heap_4.o
LOAD Service\FreeRTOS\src\list.o
LOAD Service\FreeRTOS\src\port.o
LOAD Service\FreeRTOS\src\queue.o
LOAD Service\FreeRTOS\src\tasks.o
LOAD Service\FreeRTOS\src\timers.o
LOAD Utility\src\delay.o
LOAD src\main.o
LOAD src\startup_stm32f40xx.o
LOAD src\stm32f4xx_it.o
LOAD src\system_stm32f4xx.o
LOAD src\tiny_printf.o
                0x00000080                malloc_getpagesize_P = 0x80
START GROUP
LOAD c:/program files (x86)/atollic/truestudio for stm32 9.3.0/armtools/bin/../lib/gcc/arm-atollic-eabi/6.3.1/../../../../arm-atollic-eabi/lib/armv7e-m/fpu\libc_nano.a
LOAD c:/program files (x86)/atollic/truestudio for stm32 9.3.0/armtools/bin/../lib/gcc/arm-atollic-eabi/6.3.1/../../../../arm-atollic-eabi/lib/armv7e-m/fpu\libm.a
END GROUP
START GROUP
LOAD c:/program files (x86)/atollic/truestudio for stm32 9.3.0/armtools/bin/../lib/gcc/arm-atollic-eabi/6.3.1/armv7e-m/fpu\libgcc.a
LOAD c:/program files (x86)/atollic/truestudio for stm32 9.3.0/armtools/bin/../lib/gcc/arm-atollic-eabi/6.3.1/../../../../arm-atollic-eabi/lib/armv7e-m/fpu\libc_nano.a
END GROUP
START GROUP
LOAD c:/program files (x86)/atollic/truestudio for stm32 9.3.0/armtools/bin/../lib/gcc/arm-atollic-eabi/6.3.1/armv7e-m/fpu\libgcc.a
LOAD c:/program files (x86)/atollic/truestudio for stm32 9.3.0/armtools/bin/../lib/gcc/arm-atollic-eabi/6.3.1/../../../../arm-atollic-eabi/lib/armv7e-m/fpu\libc_nano.a
LOAD c:/program files (x86)/atollic/truestudio for stm32 9.3.0/armtools/bin/../lib/gcc/arm-atollic-eabi/6.3.1/../../../../arm-atollic-eabi/lib/armv7e-m/fpu\libnosys.a
END GROUP
START GROUP
LOAD c:/program files (x86)/atollic/truestudio for stm32 9.3.0/armtools/bin/../lib/gcc/arm-atollic-eabi/6.3.1/armv7e-m/fpu\libgcc.a
LOAD c:/program files (x86)/atollic/truestudio for stm32 9.3.0/armtools/bin/../lib/gcc/arm-atollic-eabi/6.3.1/../../../../arm-atollic-eabi/lib/armv7e-m/fpu\libc_nano.a
LOAD c:/program files (x86)/atollic/truestudio for stm32 9.3.0/armtools/bin/../lib/gcc/arm-atollic-eabi/6.3.1/../../../../arm-atollic-eabi/lib/armv7e-m/fpu\libnosys.a
END GROUP
LOAD c:/program files (x86)/atollic/truestudio for stm32 9.3.0/armtools/bin/../lib/gcc/arm-atollic-eabi/6.3.1/armv7e-m/fpu/crtend.o
LOAD c:/program files (x86)/atollic/truestudio for stm32 9.3.0/armtools/bin/../lib/gcc/arm-atollic-eabi/6.3.1/armv7e-m/fpu/crtn.o
                0x20018000                _estack = 0x20018000
                0x00000000                _Min_Heap_Size = 0x0
                0x00000400                _Min_Stack_Size = 0x400

.isr_vector     0x08000000      0x188
                0x08000000                . = ALIGN (0x4)
 *(.isr_vector)
 .isr_vector    0x08000000      0x188 src\startup_stm32f40xx.o
                0x08000000                g_pfnVectors
                0x08000188                . = ALIGN (0x4)

.text           0x08000190     0x3280
                0x08000190                . = ALIGN (0x4)
 *(.text)
 .text          0x08000190       0x40 c:/program files (x86)/atollic/truestudio for stm32 9.3.0/armtools/bin/../lib/gcc/arm-atollic-eabi/6.3.1/armv7e-m/fpu/crtbegin.o
 .text          0x080001d0      0x370 c:/program files (x86)/atollic/truestudio for stm32 9.3.0/armtools/bin/../lib/gcc/arm-atollic-eabi/6.3.1/armv7e-m/fpu\libgcc.a(_arm_addsubdf3.o)
                0x080001d0                __aeabi_drsub
                0x080001d8                __aeabi_dsub
                0x080001d8                __subdf3
                0x080001dc                __aeabi_dadd
                0x080001dc                __adddf3
                0x08000454                __floatunsidf
                0x08000454                __aeabi_ui2d
                0x08000474                __floatsidf
                0x08000474                __aeabi_i2d
                0x08000498                __aeabi_f2d
                0x08000498                __extendsfdf2
                0x080004d4                __floatundidf
                0x080004d4                __aeabi_ul2d
                0x080004e4                __floatdidf
                0x080004e4                __aeabi_l2d
 .text          0x08000540      0x424 c:/program files (x86)/atollic/truestudio for stm32 9.3.0/armtools/bin/../lib/gcc/arm-atollic-eabi/6.3.1/armv7e-m/fpu\libgcc.a(_arm_muldivdf3.o)
                0x08000540                __aeabi_dmul
                0x08000540                __muldf3
                0x08000794                __divdf3
                0x08000794                __aeabi_ddiv
 .text          0x08000964       0xa0 c:/program files (x86)/atollic/truestudio for stm32 9.3.0/armtools/bin/../lib/gcc/arm-atollic-eabi/6.3.1/armv7e-m/fpu\libgcc.a(_arm_truncdfsf2.o)
                0x08000964                __truncdfsf2
                0x08000964                __aeabi_d2f
 *(.text*)
 .text.Buz_Init
                0x08000a04       0x38 HAL\src\board.o
                0x08000a04                Buz_Init
 .text.Buz_Off  0x08000a3c       0x20 HAL\src\board.o
                0x08000a3c                Buz_Off
 .text.Relay_Init
                0x08000a5c       0x38 HAL\src\board.o
                0x08000a5c                Relay_Init
 .text.Relay_Off
                0x08000a94       0x20 HAL\src\board.o
                0x08000a94                Relay_Off
 .text.Leds_Init
                0x08000ab4       0x50 HAL\src\board.o
                0x08000ab4                Leds_Init
 .text.Leds_Off
                0x08000b04       0x2c HAL\src\board.o
                0x08000b04                Leds_Off
 .text.Btn_Init
                0x08000b30      0x144 HAL\src\board.o
                0x08000b30                Btn_Init
 .text.EXTI0_IRQHandler
                0x08000c74       0x24 HAL\src\board.o
                0x08000c74                EXTI0_IRQHandler
 .text.EXTI1_IRQHandler
                0x08000c98       0x24 HAL\src\board.o
                0x08000c98                EXTI1_IRQHandler
 .text.EXTI2_IRQHandler
                0x08000cbc       0x24 HAL\src\board.o
                0x08000cbc                EXTI2_IRQHandler
 .text.EXTI15_10_IRQHandler
                0x08000ce0       0x54 HAL\src\board.o
                0x08000ce0                EXTI15_10_IRQHandler
 .text.RCC_DeInit
                0x08000d34       0x5c Libraries\STM32F4xx_StdPeriph_Driver\src\stm32f4xx_rcc.o
                0x08000d34                RCC_DeInit
 .text.TIM1_CC_IRQHandler
                0x08000d90       0x5c MCAL\src\timer.o
                0x08000d90                TIM1_CC_IRQHandler
 .text.TIM3_IRQHandler
                0x08000dec       0x34 MCAL\src\timer.o
                0x08000dec                TIM3_IRQHandler
 .text.Uart_Init
                0x08000e20      0x248 MCAL\src\uart.o
                0x08000e20                Uart_Init
 .text.Uart_SendByte
                0x08001068       0x30 MCAL\src\uart.o
                0x08001068                Uart_SendByte
 .text.Uart_SendString
                0x08001098       0x3a MCAL\src\uart.o
                0x08001098                Uart_SendString
 .text.osSystickHandler
                0x080010d2       0x16 Service\FreeRTOS\src\cmsis_os.o
                0x080010d2                osSystickHandler
 .text.pvPortMalloc
                0x080010e8      0x184 Service\FreeRTOS\src\heap_4.o
                0x080010e8                pvPortMalloc
 .text.vPortFree
                0x0800126c       0xb0 Service\FreeRTOS\src\heap_4.o
                0x0800126c                vPortFree
 .text.prvHeapInit
                0x0800131c       0xc4 Service\FreeRTOS\src\heap_4.o
 .text.prvInsertBlockIntoFreeList
                0x080013e0       0xb4 Service\FreeRTOS\src\heap_4.o
 .text.vListInitialise
                0x08001494       0x40 Service\FreeRTOS\src\list.o
                0x08001494                vListInitialise
 .text.vListInitialiseItem
                0x080014d4       0x1a Service\FreeRTOS\src\list.o
                0x080014d4                vListInitialiseItem
 .text.vListInsertEnd
                0x080014ee       0x48 Service\FreeRTOS\src\list.o
                0x080014ee                vListInsertEnd
 .text.vListInsert
                0x08001536       0x72 Service\FreeRTOS\src\list.o
                0x08001536                vListInsert
 .text.uxListRemove
                0x080015a8       0x54 Service\FreeRTOS\src\list.o
                0x080015a8                uxListRemove
 .text.pxPortInitialiseStack
                0x080015fc       0x68 Service\FreeRTOS\src\port.o
                0x080015fc                pxPortInitialiseStack
 .text.prvTaskExitError
                0x08001664       0x3c Service\FreeRTOS\src\port.o
 .text.SVC_Handler
                0x080016a0       0x28 Service\FreeRTOS\src\port.o
                0x080016a0                SVC_Handler
 .text.prvPortStartFirstTask
                0x080016c8       0x20 Service\FreeRTOS\src\port.o
 .text.xPortStartScheduler
                0x080016e8      0x118 Service\FreeRTOS\src\port.o
                0x080016e8                xPortStartScheduler
 .text.vPortEnterCritical
                0x08001800       0x5c Service\FreeRTOS\src\port.o
                0x08001800                vPortEnterCritical
 .text.vPortExitCritical
                0x0800185c       0x50 Service\FreeRTOS\src\port.o
                0x0800185c                vPortExitCritical
 *fill*         0x080018ac        0x4 
 .text.PendSV_Handler
                0x080018b0       0x68 Service\FreeRTOS\src\port.o
                0x080018b0                PendSV_Handler
 .text.xPortSysTickHandler
                0x08001918       0x40 Service\FreeRTOS\src\port.o
                0x08001918                xPortSysTickHandler
 .text.vPortSetupTimerInterrupt
                0x08001958       0x38 Service\FreeRTOS\src\port.o
                0x08001958                vPortSetupTimerInterrupt
 .text.vPortEnableVFP
                0x08001990       0x14 Service\FreeRTOS\src\port.o
 .text.xQueueGenericReset
                0x080019a4       0xd0 Service\FreeRTOS\src\queue.o
                0x080019a4                xQueueGenericReset
 .text.xQueueGenericCreate
                0x08001a74       0x72 Service\FreeRTOS\src\queue.o
                0x08001a74                xQueueGenericCreate
 .text.prvInitialiseNewQueue
                0x08001ae6       0x3e Service\FreeRTOS\src\queue.o
 .text.prvInitialiseMutex
                0x08001b24       0x34 Service\FreeRTOS\src\queue.o
 .text.xQueueCreateMutex
                0x08001b58       0x30 Service\FreeRTOS\src\queue.o
                0x08001b58                xQueueCreateMutex
 .text.xQueueGenericSend
                0x08001b88      0x1f4 Service\FreeRTOS\src\queue.o
                0x08001b88                xQueueGenericSend
 .text.xQueueGenericReceive
                0x08001d7c      0x224 Service\FreeRTOS\src\queue.o
                0x08001d7c                xQueueGenericReceive
 .text.prvCopyDataToQueue
                0x08001fa0       0xd4 Service\FreeRTOS\src\queue.o
 .text.prvCopyDataFromQueue
                0x08002074       0x4c Service\FreeRTOS\src\queue.o
 .text.prvUnlockQueue
                0x080020c0       0xa4 Service\FreeRTOS\src\queue.o
 .text.prvIsQueueEmpty
                0x08002164       0x2c Service\FreeRTOS\src\queue.o
 .text.prvIsQueueFull
                0x08002190       0x30 Service\FreeRTOS\src\queue.o
 .text.xTaskCreate
                0x080021c0       0x82 Service\FreeRTOS\src\tasks.o
                0x080021c0                xTaskCreate
 .text.prvInitialiseNewTask
                0x08002242       0xfc Service\FreeRTOS\src\tasks.o
 *fill*         0x0800233e        0x2 
 .text.prvAddNewTaskToReadyList
                0x08002340       0xd4 Service\FreeRTOS\src\tasks.o
 .text.vTaskDelay
                0x08002414       0x68 Service\FreeRTOS\src\tasks.o
                0x08002414                vTaskDelay
 .text.vTaskStartScheduler
                0x0800247c       0x8c Service\FreeRTOS\src\tasks.o
                0x0800247c                vTaskStartScheduler
 .text.vTaskSuspendAll
                0x08002508       0x1c Service\FreeRTOS\src\tasks.o
                0x08002508                vTaskSuspendAll
 .text.xTaskResumeAll
                0x08002524      0x138 Service\FreeRTOS\src\tasks.o
                0x08002524                xTaskResumeAll
 .text.xTaskIncrementTick
                0x0800265c      0x178 Service\FreeRTOS\src\tasks.o
                0x0800265c                xTaskIncrementTick
 .text.vTaskSwitchContext
                0x080027d4       0xb4 Service\FreeRTOS\src\tasks.o
                0x080027d4                vTaskSwitchContext
 .text.vTaskPlaceOnEventList
                0x08002888       0x48 Service\FreeRTOS\src\tasks.o
                0x08002888                vTaskPlaceOnEventList
 .text.xTaskRemoveFromEventList
                0x080028d0       0xc4 Service\FreeRTOS\src\tasks.o
                0x080028d0                xTaskRemoveFromEventList
 .text.vTaskSetTimeOutState
                0x08002994       0x48 Service\FreeRTOS\src\tasks.o
                0x08002994                vTaskSetTimeOutState
 .text.xTaskCheckForTimeOut
                0x080029dc       0xbc Service\FreeRTOS\src\tasks.o
                0x080029dc                xTaskCheckForTimeOut
 .text.vTaskMissedYield
                0x08002a98       0x18 Service\FreeRTOS\src\tasks.o
                0x08002a98                vTaskMissedYield
 .text.prvIdleTask
                0x08002ab0       0x30 Service\FreeRTOS\src\tasks.o
 .text.prvInitialiseTaskLists
                0x08002ae0       0x80 Service\FreeRTOS\src\tasks.o
 .text.prvCheckTasksWaitingTermination
                0x08002b60       0x78 Service\FreeRTOS\src\tasks.o
 .text.prvDeleteTCB
                0x08002bd8       0x20 Service\FreeRTOS\src\tasks.o
 .text.prvResetNextTaskUnblockTime
                0x08002bf8       0x4c Service\FreeRTOS\src\tasks.o
 .text.xTaskGetSchedulerState
                0x08002c44       0x3c Service\FreeRTOS\src\tasks.o
                0x08002c44                xTaskGetSchedulerState
 .text.vTaskPriorityInherit
                0x08002c80       0xec Service\FreeRTOS\src\tasks.o
                0x08002c80                vTaskPriorityInherit
 .text.xTaskPriorityDisinherit
                0x08002d6c      0x108 Service\FreeRTOS\src\tasks.o
                0x08002d6c                xTaskPriorityDisinherit
 .text.pvTaskIncrementMutexHeldCount
                0x08002e74       0x28 Service\FreeRTOS\src\tasks.o
                0x08002e74                pvTaskIncrementMutexHeldCount
 .text.prvAddCurrentTaskToDelayedList
                0x08002e9c       0xcc Service\FreeRTOS\src\tasks.o
 .text.main     0x08002f68       0x9c src\main.o
                0x08002f68                main
 .text.T_SMS    0x08003004       0x50 src\main.o
                0x08003004                T_SMS
 .text.T_Server
                0x08003054       0x54 src\main.o
                0x08003054                T_Server
 .text.Reset_Handler
                0x080030a8       0x50 src\startup_stm32f40xx.o
                0x080030a8                Reset_Handler
 .text.Default_Handler
                0x080030f8        0x2 src\startup_stm32f40xx.o
                0x080030f8                RTC_Alarm_IRQHandler
                0x080030f8                HASH_RNG_IRQHandler
                0x080030f8                TIM8_CC_IRQHandler
                0x080030f8                DMA2_Stream5_IRQHandler
                0x080030f8                DMA1_Stream5_IRQHandler
                0x080030f8                PVD_IRQHandler
                0x080030f8                SDIO_IRQHandler
                0x080030f8                TAMP_STAMP_IRQHandler
                0x080030f8                CAN2_RX1_IRQHandler
                0x080030f8                EXTI3_IRQHandler
                0x080030f8                TIM8_TRG_COM_TIM14_IRQHandler
                0x080030f8                TIM1_UP_TIM10_IRQHandler
                0x080030f8                TIM8_UP_TIM13_IRQHandler
                0x080030f8                I2C3_ER_IRQHandler
                0x080030f8                I2C2_EV_IRQHandler
                0x080030f8                DMA1_Stream2_IRQHandler
                0x080030f8                CAN1_RX0_IRQHandler
                0x080030f8                FPU_IRQHandler
                0x080030f8                OTG_HS_WKUP_IRQHandler
                0x080030f8                CAN2_SCE_IRQHandler
                0x080030f8                DMA2_Stream2_IRQHandler
                0x080030f8                SPI1_IRQHandler
                0x080030f8                TIM6_DAC_IRQHandler
                0x080030f8                TIM1_BRK_TIM9_IRQHandler
                0x080030f8                DCMI_IRQHandler
                0x080030f8                CAN2_RX0_IRQHandler
                0x080030f8                DMA2_Stream3_IRQHandler
                0x080030f8                USART6_IRQHandler
                0x080030f8                USART3_IRQHandler
                0x080030f8                CRYP_IRQHandler
                0x080030f8                CAN1_RX1_IRQHandler
                0x080030f8                UART5_IRQHandler
                0x080030f8                DMA2_Stream0_IRQHandler
                0x080030f8                TIM4_IRQHandler
                0x080030f8                I2C1_EV_IRQHandler
                0x080030f8                DMA1_Stream6_IRQHandler
                0x080030f8                DMA1_Stream1_IRQHandler
                0x080030f8                UART4_IRQHandler
                0x080030f8                RCC_IRQHandler
                0x080030f8                TIM8_BRK_TIM12_IRQHandler
                0x080030f8                Default_Handler
                0x080030f8                ADC_IRQHandler
                0x080030f8                DMA1_Stream7_IRQHandler
                0x080030f8                TIM7_IRQHandler
                0x080030f8                CAN2_TX_IRQHandler
                0x080030f8                TIM5_IRQHandler
                0x080030f8                DMA2_Stream7_IRQHandler
                0x080030f8                I2C3_EV_IRQHandler
                0x080030f8                EXTI9_5_IRQHandler
                0x080030f8                RTC_WKUP_IRQHandler
                0x080030f8                ETH_WKUP_IRQHandler
                0x080030f8                SPI2_IRQHandler
                0x080030f8                OTG_HS_EP1_IN_IRQHandler
                0x080030f8                DMA1_Stream0_IRQHandler
                0x080030f8                CAN1_TX_IRQHandler
                0x080030f8                EXTI4_IRQHandler
                0x080030f8                FSMC_IRQHandler
                0x080030f8                ETH_IRQHandler
                0x080030f8                OTG_HS_EP1_OUT_IRQHandler
                0x080030f8                WWDG_IRQHandler
                0x080030f8                TIM2_IRQHandler
                0x080030f8                OTG_FS_WKUP_IRQHandler
                0x080030f8                TIM1_TRG_COM_TIM11_IRQHandler
                0x080030f8                OTG_HS_IRQHandler
                0x080030f8                USART2_IRQHandler
                0x080030f8                I2C2_ER_IRQHandler
                0x080030f8                DMA2_Stream1_IRQHandler
                0x080030f8                CAN1_SCE_IRQHandler
                0x080030f8                FLASH_IRQHandler
                0x080030f8                DMA2_Stream4_IRQHandler
                0x080030f8                USART1_IRQHandler
                0x080030f8                OTG_FS_IRQHandler
                0x080030f8                SPI3_IRQHandler
                0x080030f8                DMA1_Stream4_IRQHandler
                0x080030f8                I2C1_ER_IRQHandler
                0x080030f8                DMA2_Stream6_IRQHandler
                0x080030f8                DMA1_Stream3_IRQHandler
 .text.NMI_Handler
                0x080030fa        0xe src\stm32f4xx_it.o
                0x080030fa                NMI_Handler
 .text.HardFault_Handler
                0x08003108        0x6 src\stm32f4xx_it.o
                0x08003108                HardFault_Handler
 .text.MemManage_Handler
                0x0800310e        0x6 src\stm32f4xx_it.o
                0x0800310e                MemManage_Handler
 .text.BusFault_Handler
                0x08003114        0x6 src\stm32f4xx_it.o
                0x08003114                BusFault_Handler
 .text.UsageFault_Handler
                0x0800311a        0x6 src\stm32f4xx_it.o
                0x0800311a                UsageFault_Handler
 .text.DebugMon_Handler
                0x08003120        0xe src\stm32f4xx_it.o
                0x08003120                DebugMon_Handler
 .text.SysTick_Handler
                0x0800312e        0xc src\stm32f4xx_it.o
                0x0800312e                SysTick_Handler
 *fill*         0x0800313a        0x2 
 .text.SystemInit
                0x0800313c       0x6c src\system_stm32f4xx.o
                0x0800313c                SystemInit
 .text.SystemCoreClockUpdate
                0x080031a8       0xf8 src\system_stm32f4xx.o
                0x080031a8                SystemCoreClockUpdate
 .text.SetSysClock
                0x080032a0       0xf8 src\system_stm32f4xx.o
 .text.__libc_init_array
                0x08003398       0x48 c:/program files (x86)/atollic/truestudio for stm32 9.3.0/armtools/bin/../lib/gcc/arm-atollic-eabi/6.3.1/../../../../arm-atollic-eabi/lib/armv7e-m/fpu\libc_nano.a(lib_a-init.o)
                0x08003398                __libc_init_array
 .text.memcpy   0x080033e0       0x16 c:/program files (x86)/atollic/truestudio for stm32 9.3.0/armtools/bin/../lib/gcc/arm-atollic-eabi/6.3.1/../../../../arm-atollic-eabi/lib/armv7e-m/fpu\libc_nano.a(lib_a-memcpy-stub.o)
                0x080033e0                memcpy
 *(.glue_7)
 .glue_7        0x080033f6        0x0 linker stubs
 *(.glue_7t)
 .glue_7t       0x080033f6        0x0 linker stubs
 *(.eh_frame)
 *fill*         0x080033f6        0x2 
 .eh_frame      0x080033f8        0x0 c:/program files (x86)/atollic/truestudio for stm32 9.3.0/armtools/bin/../lib/gcc/arm-atollic-eabi/6.3.1/armv7e-m/fpu/crtbegin.o
 *(.init)
 .init          0x080033f8        0x4 c:/program files (x86)/atollic/truestudio for stm32 9.3.0/armtools/bin/../lib/gcc/arm-atollic-eabi/6.3.1/armv7e-m/fpu/crti.o
                0x080033f8                _init
 .init          0x080033fc        0x8 c:/program files (x86)/atollic/truestudio for stm32 9.3.0/armtools/bin/../lib/gcc/arm-atollic-eabi/6.3.1/armv7e-m/fpu/crtn.o
 *(.fini)
 .fini          0x08003404        0x4 c:/program files (x86)/atollic/truestudio for stm32 9.3.0/armtools/bin/../lib/gcc/arm-atollic-eabi/6.3.1/armv7e-m/fpu/crti.o
                0x08003404                _fini
 .fini          0x08003408        0x8 c:/program files (x86)/atollic/truestudio for stm32 9.3.0/armtools/bin/../lib/gcc/arm-atollic-eabi/6.3.1/armv7e-m/fpu/crtn.o
                0x08003410                . = ALIGN (0x4)
                0x08003410                _etext = .

.vfp11_veneer   0x08003410        0x0
 .vfp11_veneer  0x08003410        0x0 linker stubs

.v4_bx          0x08003410        0x0
 .v4_bx         0x08003410        0x0 linker stubs

.iplt           0x08003410        0x0
 .iplt          0x08003410        0x0 c:/program files (x86)/atollic/truestudio for stm32 9.3.0/armtools/bin/../lib/gcc/arm-atollic-eabi/6.3.1/armv7e-m/fpu/crtbegin.o

.rodata         0x08003410       0x60
                0x08003410                . = ALIGN (0x4)
 *(.rodata)
 .rodata        0x08003410        0x5 Service\FreeRTOS\src\tasks.o
 *fill*         0x08003415        0x3 
 .rodata        0x08003418       0x58 src\main.o
 *(.rodata*)
                0x08003470                . = ALIGN (0x4)

.rel.dyn        0x08003470        0x0
 .rel.iplt      0x08003470        0x0 c:/program files (x86)/atollic/truestudio for stm32 9.3.0/armtools/bin/../lib/gcc/arm-atollic-eabi/6.3.1/armv7e-m/fpu/crtbegin.o

.ARM.extab
 *(.ARM.extab* .gnu.linkonce.armextab.*)

.ARM            0x08003470        0x0
                0x08003470                __exidx_start = .
 *(.ARM.exidx*)
                0x08003470                __exidx_end = .

.preinit_array  0x08003470        0x0
                0x08003470                PROVIDE (__preinit_array_start, .)
 *(.preinit_array*)
                0x08003470                PROVIDE (__preinit_array_end, .)

.init_array     0x08003470        0x4
                0x08003470                PROVIDE (__init_array_start, .)
 *(SORT(.init_array.*))
 *(.init_array*)
 .init_array    0x08003470        0x4 c:/program files (x86)/atollic/truestudio for stm32 9.3.0/armtools/bin/../lib/gcc/arm-atollic-eabi/6.3.1/armv7e-m/fpu/crtbegin.o
                0x08003474                PROVIDE (__init_array_end, .)

.fini_array     0x08003474        0x4
                [!provide]                PROVIDE (__fini_array_start, .)
 *(SORT(.fini_array.*))
 *(.fini_array*)
 .fini_array    0x08003474        0x4 c:/program files (x86)/atollic/truestudio for stm32 9.3.0/armtools/bin/../lib/gcc/arm-atollic-eabi/6.3.1/armv7e-m/fpu/crtbegin.o
                [!provide]                PROVIDE (__fini_array_end, .)
                0x08003478                _sidata = LOADADDR (.data)

.data           0x20000000       0x18 load address 0x08003478
                0x20000000                . = ALIGN (0x4)
                0x20000000                _sdata = .
 *(.data)
 *(.data*)
 .data.uxCriticalNesting
                0x20000000        0x4 Service\FreeRTOS\src\port.o
 .data.SystemCoreClock
                0x20000004        0x4 src\system_stm32f4xx.o
                0x20000004                SystemCoreClock
 .data.AHBPrescTable
                0x20000008       0x10 src\system_stm32f4xx.o
                0x20000008                AHBPrescTable
                0x20000018                . = ALIGN (0x4)
                0x20000018                _edata = .
                0x08003490                _siccmram = LOADADDR (.ccmram)

.igot.plt       0x20000018        0x0 load address 0x08003490
 .igot.plt      0x20000018        0x0 c:/program files (x86)/atollic/truestudio for stm32 9.3.0/armtools/bin/../lib/gcc/arm-atollic-eabi/6.3.1/armv7e-m/fpu/crtbegin.o

.ccmram         0x10000000        0x0 load address 0x08003490
                0x10000000                . = ALIGN (0x4)
                0x10000000                _sccmram = .
 *(.ccmram)
 *(.ccmram*)
                0x10000000                . = ALIGN (0x4)
                0x10000000                _eccmram = .
                0x10000000                . = ALIGN (0x4)

.bss            0x20000018     0x3df0
                0x20000018                _sbss = .
                0x20000018                __bss_start__ = _sbss
 *(.bss)
 .bss           0x20000018       0x1c c:/program files (x86)/atollic/truestudio for stm32 9.3.0/armtools/bin/../lib/gcc/arm-atollic-eabi/6.3.1/armv7e-m/fpu/crtbegin.o
 *(.bss*)
 .bss.pulse_width
                0x20000034        0x4 MCAL\src\timer.o
                0x20000034                pulse_width
 .bss.edge_state
                0x20000038        0x1 MCAL\src\timer.o
 *fill*         0x20000039        0x3 
 .bss.ucHeap    0x2000003c     0x3c00 Service\FreeRTOS\src\heap_4.o
 .bss.xStart    0x20003c3c        0x8 Service\FreeRTOS\src\heap_4.o
 .bss.pxEnd     0x20003c44        0x4 Service\FreeRTOS\src\heap_4.o
 .bss.xFreeBytesRemaining
                0x20003c48        0x4 Service\FreeRTOS\src\heap_4.o
 .bss.xMinimumEverFreeBytesRemaining
                0x20003c4c        0x4 Service\FreeRTOS\src\heap_4.o
 .bss.xBlockAllocatedBit
                0x20003c50        0x4 Service\FreeRTOS\src\heap_4.o
 .bss.ucMaxSysCallPriority
                0x20003c54        0x1 Service\FreeRTOS\src\port.o
 *fill*         0x20003c55        0x3 
 .bss.ulMaxPRIGROUPValue
                0x20003c58        0x4 Service\FreeRTOS\src\port.o
 .bss.pxCurrentTCB
                0x20003c5c        0x4 Service\FreeRTOS\src\tasks.o
                0x20003c5c                pxCurrentTCB
 .bss.pxReadyTasksLists
                0x20003c60       0xf0 Service\FreeRTOS\src\tasks.o
 .bss.xDelayedTaskList1
                0x20003d50       0x14 Service\FreeRTOS\src\tasks.o
 .bss.xDelayedTaskList2
                0x20003d64       0x14 Service\FreeRTOS\src\tasks.o
 .bss.pxDelayedTaskList
                0x20003d78        0x4 Service\FreeRTOS\src\tasks.o
 .bss.pxOverflowDelayedTaskList
                0x20003d7c        0x4 Service\FreeRTOS\src\tasks.o
 .bss.xPendingReadyList
                0x20003d80       0x14 Service\FreeRTOS\src\tasks.o
 .bss.xTasksWaitingTermination
                0x20003d94       0x14 Service\FreeRTOS\src\tasks.o
 .bss.uxDeletedTasksWaitingCleanUp
                0x20003da8        0x4 Service\FreeRTOS\src\tasks.o
 .bss.xSuspendedTaskList
                0x20003dac       0x14 Service\FreeRTOS\src\tasks.o
 .bss.uxCurrentNumberOfTasks
                0x20003dc0        0x4 Service\FreeRTOS\src\tasks.o
 .bss.xTickCount
                0x20003dc4        0x4 Service\FreeRTOS\src\tasks.o
 .bss.uxTopReadyPriority
                0x20003dc8        0x4 Service\FreeRTOS\src\tasks.o
 .bss.xSchedulerRunning
                0x20003dcc        0x4 Service\FreeRTOS\src\tasks.o
 .bss.uxPendedTicks
                0x20003dd0        0x4 Service\FreeRTOS\src\tasks.o
 .bss.xYieldPending
                0x20003dd4        0x4 Service\FreeRTOS\src\tasks.o
 .bss.xNumOfOverflows
                0x20003dd8        0x4 Service\FreeRTOS\src\tasks.o
 .bss.uxTaskNumber
                0x20003ddc        0x4 Service\FreeRTOS\src\tasks.o
 .bss.xNextTaskUnblockTime
                0x20003de0        0x4 Service\FreeRTOS\src\tasks.o
 .bss.xIdleTaskHandle
                0x20003de4        0x4 Service\FreeRTOS\src\tasks.o
 .bss.uxSchedulerSuspended
                0x20003de8        0x4 Service\FreeRTOS\src\tasks.o
 .bss.mxRes     0x20003dec        0x4 src\main.o
                0x20003dec                mxRes
 *(COMMON)
 COMMON         0x20003df0       0x14 HAL\src\board.o
                0x20003df0                handler_left
                0x20003df4                handler_up
                0x20003df8                handler_center
                0x20003dfc                handler_right
                0x20003e00                handler_down
 COMMON         0x20003e04        0x4 MCAL\src\timer.o
                0x20003e04                notifyHandle
                0x20003e08                . = ALIGN (0x4)
                0x20003e08                _ebss = .
                0x20003e08                __bss_end__ = _ebss

._user_heap_stack
                0x20003e08      0x400
                0x20003e08                . = ALIGN (0x4)
                [!provide]                PROVIDE (end, .)
                [!provide]                PROVIDE (_end, .)
                0x20003e08                . = (. + _Min_Heap_Size)
                0x20004208                . = (. + _Min_Stack_Size)
 *fill*         0x20003e08      0x400 
                0x20004208                . = ALIGN (0x4)

.memory_b1_text
 *(.mb1text)
 *(.mb1text*)
 *(.mb1rodata)
 *(.mb1rodata*)

/DISCARD/
 libc.a(*)
 libm.a(*)
 libgcc.a(*)

.ARM.attributes
                0x00000000       0x30
 *(.ARM.attributes)
 .ARM.attributes
                0x00000000       0x22 c:/program files (x86)/atollic/truestudio for stm32 9.3.0/armtools/bin/../lib/gcc/arm-atollic-eabi/6.3.1/armv7e-m/fpu/crti.o
 .ARM.attributes
                0x00000022       0x34 c:/program files (x86)/atollic/truestudio for stm32 9.3.0/armtools/bin/../lib/gcc/arm-atollic-eabi/6.3.1/armv7e-m/fpu/crtbegin.o
 .ARM.attributes
                0x00000056       0x39 HAL\src\board.o
 .ARM.attributes
                0x0000008f       0x39 Libraries\STM32F4xx_StdPeriph_Driver\src\stm32f4xx_rcc.o
 .ARM.attributes
                0x000000c8       0x39 MCAL\src\timer.o
 .ARM.attributes
                0x00000101       0x39 MCAL\src\uart.o
 .ARM.attributes
                0x0000013a       0x39 Service\FreeRTOS\src\cmsis_os.o
 .ARM.attributes
                0x00000173       0x39 Service\FreeRTOS\src\heap_4.o
 .ARM.attributes
                0x000001ac       0x39 Service\FreeRTOS\src\list.o
 .ARM.attributes
                0x000001e5       0x39 Service\FreeRTOS\src\port.o
 .ARM.attributes
                0x0000021e       0x39 Service\FreeRTOS\src\queue.o
 .ARM.attributes
                0x00000257       0x39 Service\FreeRTOS\src\tasks.o
 .ARM.attributes
                0x00000290       0x39 src\main.o
 .ARM.attributes
                0x000002c9       0x21 src\startup_stm32f40xx.o
 .ARM.attributes
                0x000002ea       0x39 src\stm32f4xx_it.o
 .ARM.attributes
                0x00000323       0x39 src\system_stm32f4xx.o
 .ARM.attributes
                0x0000035c       0x34 c:/program files (x86)/atollic/truestudio for stm32 9.3.0/armtools/bin/../lib/gcc/arm-atollic-eabi/6.3.1/../../../../arm-atollic-eabi/lib/armv7e-m/fpu\libc_nano.a(lib_a-init.o)
 .ARM.attributes
                0x00000390       0x34 c:/program files (x86)/atollic/truestudio for stm32 9.3.0/armtools/bin/../lib/gcc/arm-atollic-eabi/6.3.1/../../../../arm-atollic-eabi/lib/armv7e-m/fpu\libc_nano.a(lib_a-memcpy-stub.o)
 .ARM.attributes
                0x000003c4       0x22 c:/program files (x86)/atollic/truestudio for stm32 9.3.0/armtools/bin/../lib/gcc/arm-atollic-eabi/6.3.1/armv7e-m/fpu\libgcc.a(_arm_addsubdf3.o)
 .ARM.attributes
                0x000003e6       0x22 c:/program files (x86)/atollic/truestudio for stm32 9.3.0/armtools/bin/../lib/gcc/arm-atollic-eabi/6.3.1/armv7e-m/fpu\libgcc.a(_arm_muldivdf3.o)
 .ARM.attributes
                0x00000408       0x22 c:/program files (x86)/atollic/truestudio for stm32 9.3.0/armtools/bin/../lib/gcc/arm-atollic-eabi/6.3.1/armv7e-m/fpu\libgcc.a(_arm_truncdfsf2.o)
 .ARM.attributes
                0x0000042a       0x22 c:/program files (x86)/atollic/truestudio for stm32 9.3.0/armtools/bin/../lib/gcc/arm-atollic-eabi/6.3.1/armv7e-m/fpu/crtn.o
OUTPUT(NTI_STM_Interfacing.elf elf32-littlearm)

.debug_info     0x00000000     0xac6f
 .debug_info    0x00000000      0xaec HAL\src\board.o
 .debug_info    0x00000aec      0xc98 Libraries\STM32F4xx_StdPeriph_Driver\src\stm32f4xx_rcc.o
 .debug_info    0x00001784      0xac5 MCAL\src\timer.o
 .debug_info    0x00002249      0x6ca MCAL\src\uart.o
 .debug_info    0x00002913     0x1ac0 Service\FreeRTOS\src\cmsis_os.o
 .debug_info    0x000043d3      0xbed Service\FreeRTOS\src\heap_4.o
 .debug_info    0x00004fc0      0xac3 Service\FreeRTOS\src\list.o
 .debug_info    0x00005a83      0x50b Service\FreeRTOS\src\port.o
 .debug_info    0x00005f8e     0x19ab Service\FreeRTOS\src\queue.o
 .debug_info    0x00007939     0x20b5 Service\FreeRTOS\src\tasks.o
 .debug_info    0x000099ee      0xafa src\main.o
 .debug_info    0x0000a4e8       0x66 src\startup_stm32f40xx.o
 .debug_info    0x0000a54e      0x144 src\stm32f4xx_it.o
 .debug_info    0x0000a692      0x5dd src\system_stm32f4xx.o

.debug_abbrev   0x00000000     0x1b2d
 .debug_abbrev  0x00000000      0x1f4 HAL\src\board.o
 .debug_abbrev  0x000001f4      0x1f8 Libraries\STM32F4xx_StdPeriph_Driver\src\stm32f4xx_rcc.o
 .debug_abbrev  0x000003ec      0x1f8 MCAL\src\timer.o
 .debug_abbrev  0x000005e4      0x15b MCAL\src\uart.o
 .debug_abbrev  0x0000073f      0x391 Service\FreeRTOS\src\cmsis_os.o
 .debug_abbrev  0x00000ad0      0x29b Service\FreeRTOS\src\heap_4.o
 .debug_abbrev  0x00000d6b      0x1c5 Service\FreeRTOS\src\list.o
 .debug_abbrev  0x00000f30      0x1d5 Service\FreeRTOS\src\port.o
 .debug_abbrev  0x00001105      0x2d4 Service\FreeRTOS\src\queue.o
 .debug_abbrev  0x000013d9      0x351 Service\FreeRTOS\src\tasks.o
 .debug_abbrev  0x0000172a      0x1f1 src\main.o
 .debug_abbrev  0x0000191b       0x12 src\startup_stm32f40xx.o
 .debug_abbrev  0x0000192d       0xa8 src\stm32f4xx_it.o
 .debug_abbrev  0x000019d5      0x158 src\system_stm32f4xx.o

.debug_aranges  0x00000000      0x998
 .debug_aranges
                0x00000000       0xd8 HAL\src\board.o
 .debug_aranges
                0x000000d8      0x180 Libraries\STM32F4xx_StdPeriph_Driver\src\stm32f4xx_rcc.o
 .debug_aranges
                0x00000258       0x88 MCAL\src\timer.o
 .debug_aranges
                0x000002e0       0x58 MCAL\src\uart.o
 .debug_aranges
                0x00000338      0x1d8 Service\FreeRTOS\src\cmsis_os.o
 .debug_aranges
                0x00000510       0x50 Service\FreeRTOS\src\heap_4.o
 .debug_aranges
                0x00000560       0x40 Service\FreeRTOS\src\list.o
 .debug_aranges
                0x000005a0       0x80 Service\FreeRTOS\src\port.o
 .debug_aranges
                0x00000620       0xe0 Service\FreeRTOS\src\queue.o
 .debug_aranges
                0x00000700      0x190 Service\FreeRTOS\src\tasks.o
 .debug_aranges
                0x00000890       0x60 src\main.o
 .debug_aranges
                0x000008f0       0x28 src\startup_stm32f40xx.o
 .debug_aranges
                0x00000918       0x50 src\stm32f4xx_it.o
 .debug_aranges
                0x00000968       0x30 src\system_stm32f4xx.o

.debug_ranges   0x00000000      0x8c0
 .debug_ranges  0x00000000       0xc8 HAL\src\board.o
 .debug_ranges  0x000000c8      0x170 Libraries\STM32F4xx_StdPeriph_Driver\src\stm32f4xx_rcc.o
 .debug_ranges  0x00000238       0x78 MCAL\src\timer.o
 .debug_ranges  0x000002b0       0x48 MCAL\src\uart.o
 .debug_ranges  0x000002f8      0x1c8 Service\FreeRTOS\src\cmsis_os.o
 .debug_ranges  0x000004c0       0x40 Service\FreeRTOS\src\heap_4.o
 .debug_ranges  0x00000500       0x30 Service\FreeRTOS\src\list.o
 .debug_ranges  0x00000530       0x70 Service\FreeRTOS\src\port.o
 .debug_ranges  0x000005a0       0xd0 Service\FreeRTOS\src\queue.o
 .debug_ranges  0x00000670      0x180 Service\FreeRTOS\src\tasks.o
 .debug_ranges  0x000007f0       0x50 src\main.o
 .debug_ranges  0x00000840       0x20 src\startup_stm32f40xx.o
 .debug_ranges  0x00000860       0x40 src\stm32f4xx_it.o
 .debug_ranges  0x000008a0       0x20 src\system_stm32f4xx.o

.debug_line     0x00000000     0x40b9
 .debug_line    0x00000000      0x40b HAL\src\board.o
 .debug_line    0x0000040b      0x5cd Libraries\STM32F4xx_StdPeriph_Driver\src\stm32f4xx_rcc.o
 .debug_line    0x000009d8      0x336 MCAL\src\timer.o
 .debug_line    0x00000d0e      0x28e MCAL\src\uart.o
 .debug_line    0x00000f9c      0x87c Service\FreeRTOS\src\cmsis_os.o
 .debug_line    0x00001818      0x3c9 Service\FreeRTOS\src\heap_4.o
 .debug_line    0x00001be1      0x30a Service\FreeRTOS\src\list.o
 .debug_line    0x00001eeb      0x389 Service\FreeRTOS\src\port.o
 .debug_line    0x00002274      0x978 Service\FreeRTOS\src\queue.o
 .debug_line    0x00002bec      0xccf Service\FreeRTOS\src\tasks.o
 .debug_line    0x000038bb      0x365 src\main.o
 .debug_line    0x00003c20       0x7a src\startup_stm32f40xx.o
 .debug_line    0x00003c9a      0x206 src\stm32f4xx_it.o
 .debug_line    0x00003ea0      0x219 src\system_stm32f4xx.o

.debug_str      0x00000000     0x343c
 .debug_str     0x00000000      0xa2c HAL\src\board.o
                                0xa93 (size before relaxing)
 .debug_str     0x00000a2c      0x5df Libraries\STM32F4xx_StdPeriph_Driver\src\stm32f4xx_rcc.o
                                0x8ed (size before relaxing)
 .debug_str     0x0000100b      0x1ff MCAL\src\timer.o
                                0xa63 (size before relaxing)
 .debug_str     0x0000120a       0xf3 MCAL\src\uart.o
                                0x41f (size before relaxing)
 .debug_str     0x000012fd      0xc85 Service\FreeRTOS\src\cmsis_os.o
                                0xf4e (size before relaxing)
 .debug_str     0x00001f82      0x202 Service\FreeRTOS\src\heap_4.o
                                0x7ec (size before relaxing)
 .debug_str     0x00002184      0x131 Service\FreeRTOS\src\list.o
                                0x733 (size before relaxing)
 .debug_str     0x000022b5      0x209 Service\FreeRTOS\src\port.o
                                0x439 (size before relaxing)
 .debug_str     0x000024be      0x484 Service\FreeRTOS\src\queue.o
                                0xbcf (size before relaxing)
 .debug_str     0x00002942      0x8ff Service\FreeRTOS\src\tasks.o
                               0x114b (size before relaxing)
 .debug_str     0x00003241       0x8d src\main.o
                                0x75a (size before relaxing)
 .debug_str     0x000032ce       0x8b src\stm32f4xx_it.o
                                0x259 (size before relaxing)
 .debug_str     0x00003359       0xe3 src\system_stm32f4xx.o
                                0x3f6 (size before relaxing)

.comment        0x00000000       0x7c
 .comment       0x00000000       0x7c HAL\src\board.o
                                 0x7d (size before relaxing)
 .comment       0x0000007c       0x7d Libraries\STM32F4xx_StdPeriph_Driver\src\stm32f4xx_rcc.o
 .comment       0x0000007c       0x7d MCAL\src\timer.o
 .comment       0x0000007c       0x7d MCAL\src\uart.o
 .comment       0x0000007c       0x7d Service\FreeRTOS\src\cmsis_os.o
 .comment       0x0000007c       0x7d Service\FreeRTOS\src\heap_4.o
 .comment       0x0000007c       0x7d Service\FreeRTOS\src\list.o
 .comment       0x0000007c       0x7d Service\FreeRTOS\src\port.o
 .comment       0x0000007c       0x7d Service\FreeRTOS\src\queue.o
 .comment       0x0000007c       0x7d Service\FreeRTOS\src\tasks.o
 .comment       0x0000007c       0x7d src\main.o
 .comment       0x0000007c       0x7d src\stm32f4xx_it.o
 .comment       0x0000007c       0x7d src\system_stm32f4xx.o

.debug_frame    0x00000000     0x2764
 .debug_frame   0x00000000      0x350 HAL\src\board.o
 .debug_frame   0x00000350      0x6fc Libraries\STM32F4xx_StdPeriph_Driver\src\stm32f4xx_rcc.o
 .debug_frame   0x00000a4c      0x21c MCAL\src\timer.o
 .debug_frame   0x00000c68      0x144 MCAL\src\uart.o
 .debug_frame   0x00000dac      0x7fc Service\FreeRTOS\src\cmsis_os.o
 .debug_frame   0x000015a8      0x108 Service\FreeRTOS\src\heap_4.o
 .debug_frame   0x000016b0       0xd8 Service\FreeRTOS\src\list.o
 .debug_frame   0x00001788      0x19c Service\FreeRTOS\src\port.o
 .debug_frame   0x00001924      0x3b0 Service\FreeRTOS\src\queue.o
 .debug_frame   0x00001cd4      0x6bc Service\FreeRTOS\src\tasks.o
 .debug_frame   0x00002390      0x118 src\main.o
 .debug_frame   0x000024a8       0xcc src\stm32f4xx_it.o
 .debug_frame   0x00002574       0x7c src\system_stm32f4xx.o
 .debug_frame   0x000025f0       0x2c c:/program files (x86)/atollic/truestudio for stm32 9.3.0/armtools/bin/../lib/gcc/arm-atollic-eabi/6.3.1/../../../../arm-atollic-eabi/lib/armv7e-m/fpu\libc_nano.a(lib_a-init.o)
 .debug_frame   0x0000261c       0x28 c:/program files (x86)/atollic/truestudio for stm32 9.3.0/armtools/bin/../lib/gcc/arm-atollic-eabi/6.3.1/../../../../arm-atollic-eabi/lib/armv7e-m/fpu\libc_nano.a(lib_a-memcpy-stub.o)
 .debug_frame   0x00002644       0xac c:/program files (x86)/atollic/truestudio for stm32 9.3.0/armtools/bin/../lib/gcc/arm-atollic-eabi/6.3.1/armv7e-m/fpu\libgcc.a(_arm_addsubdf3.o)
 .debug_frame   0x000026f0       0x50 c:/program files (x86)/atollic/truestudio for stm32 9.3.0/armtools/bin/../lib/gcc/arm-atollic-eabi/6.3.1/armv7e-m/fpu\libgcc.a(_arm_muldivdf3.o)
 .debug_frame   0x00002740       0x24 c:/program files (x86)/atollic/truestudio for stm32 9.3.0/armtools/bin/../lib/gcc/arm-atollic-eabi/6.3.1/armv7e-m/fpu\libgcc.a(_arm_truncdfsf2.o)

.stabstr        0x00000000       0x3f
 .stabstr       0x00000000       0x3f c:/program files (x86)/atollic/truestudio for stm32 9.3.0/armtools/bin/../lib/gcc/arm-atollic-eabi/6.3.1/../../../../arm-atollic-eabi/lib/armv7e-m/fpu\libnosys.a(write.o)

Cross Reference Table

Symbol                                            File
ADC1_Init                                         MCAL\src\adc.o
ADC1_Read                                         MCAL\src\adc.o
ADC1_SelectChannel                                MCAL\src\adc.o
ADC_AnalogWatchdogCmd                             Libraries\STM32F4xx_StdPeriph_Driver\src\stm32f4xx_adc.o
ADC_AnalogWatchdogSingleChannelConfig             Libraries\STM32F4xx_StdPeriph_Driver\src\stm32f4xx_adc.o
ADC_AnalogWatchdogThresholdsConfig                Libraries\STM32F4xx_StdPeriph_Driver\src\stm32f4xx_adc.o
ADC_AutoInjectedConvCmd                           Libraries\STM32F4xx_StdPeriph_Driver\src\stm32f4xx_adc.o
ADC_ClearFlag                                     Libraries\STM32F4xx_StdPeriph_Driver\src\stm32f4xx_adc.o
ADC_ClearITPendingBit                             Libraries\STM32F4xx_StdPeriph_Driver\src\stm32f4xx_adc.o
ADC_Cmd                                           Libraries\STM32F4xx_StdPeriph_Driver\src\stm32f4xx_adc.o
ADC_CommonInit                                    Libraries\STM32F4xx_StdPeriph_Driver\src\stm32f4xx_adc.o
ADC_CommonStructInit                              Libraries\STM32F4xx_StdPeriph_Driver\src\stm32f4xx_adc.o
ADC_ContinuousModeCmd                             Libraries\STM32F4xx_StdPeriph_Driver\src\stm32f4xx_adc.o
ADC_DMACmd                                        Libraries\STM32F4xx_StdPeriph_Driver\src\stm32f4xx_adc.o
ADC_DMARequestAfterLastTransferCmd                Libraries\STM32F4xx_StdPeriph_Driver\src\stm32f4xx_adc.o
ADC_DeInit                                        Libraries\STM32F4xx_StdPeriph_Driver\src\stm32f4xx_adc.o
ADC_DiscModeChannelCountConfig                    Libraries\STM32F4xx_StdPeriph_Driver\src\stm32f4xx_adc.o
ADC_DiscModeCmd                                   Libraries\STM32F4xx_StdPeriph_Driver\src\stm32f4xx_adc.o
ADC_EOCOnEachRegularChannelCmd                    Libraries\STM32F4xx_StdPeriph_Driver\src\stm32f4xx_adc.o
ADC_ExternalTrigInjectedConvConfig                Libraries\STM32F4xx_StdPeriph_Driver\src\stm32f4xx_adc.o
ADC_ExternalTrigInjectedConvEdgeConfig            Libraries\STM32F4xx_StdPeriph_Driver\src\stm32f4xx_adc.o
ADC_GetConversionValue                            Libraries\STM32F4xx_StdPeriph_Driver\src\stm32f4xx_adc.o
ADC_GetFlagStatus                                 Libraries\STM32F4xx_StdPeriph_Driver\src\stm32f4xx_adc.o
ADC_GetITStatus                                   Libraries\STM32F4xx_StdPeriph_Driver\src\stm32f4xx_adc.o
ADC_GetInjectedConversionValue                    Libraries\STM32F4xx_StdPeriph_Driver\src\stm32f4xx_adc.o
ADC_GetMultiModeConversionValue                   Libraries\STM32F4xx_StdPeriph_Driver\src\stm32f4xx_adc.o
ADC_GetSoftwareStartConvStatus                    Libraries\STM32F4xx_StdPeriph_Driver\src\stm32f4xx_adc.o
ADC_GetSoftwareStartInjectedConvCmdStatus         Libraries\STM32F4xx_StdPeriph_Driver\src\stm32f4xx_adc.o
ADC_IRQHandler                                    src\startup_stm32f40xx.o
ADC_ITConfig                                      Libraries\STM32F4xx_StdPeriph_Driver\src\stm32f4xx_adc.o
ADC_Init                                          Libraries\STM32F4xx_StdPeriph_Driver\src\stm32f4xx_adc.o
ADC_InjectedChannelConfig                         Libraries\STM32F4xx_StdPeriph_Driver\src\stm32f4xx_adc.o
ADC_InjectedDiscModeCmd                           Libraries\STM32F4xx_StdPeriph_Driver\src\stm32f4xx_adc.o
ADC_InjectedSequencerLengthConfig                 Libraries\STM32F4xx_StdPeriph_Driver\src\stm32f4xx_adc.o
ADC_MultiModeDMARequestAfterLastTransferCmd       Libraries\STM32F4xx_StdPeriph_Driver\src\stm32f4xx_adc.o
ADC_RegularChannelConfig                          Libraries\STM32F4xx_StdPeriph_Driver\src\stm32f4xx_adc.o
ADC_SetInjectedOffset                             Libraries\STM32F4xx_StdPeriph_Driver\src\stm32f4xx_adc.o
ADC_SoftwareStartConv                             Libraries\STM32F4xx_StdPeriph_Driver\src\stm32f4xx_adc.o
ADC_SoftwareStartInjectedConv                     Libraries\STM32F4xx_StdPeriph_Driver\src\stm32f4xx_adc.o
ADC_StructInit                                    Libraries\STM32F4xx_StdPeriph_Driver\src\stm32f4xx_adc.o
ADC_TempSensorVrefintCmd                          Libraries\STM32F4xx_StdPeriph_Driver\src\stm32f4xx_adc.o
ADC_VBATCmd                                       Libraries\STM32F4xx_StdPeriph_Driver\src\stm32f4xx_adc.o
AHBPrescTable                                     src\system_stm32f4xx.o
BTN_Center_Handler                                src\main.o
BTN_Down_Handler                                  src\main.o
BTN_Left_Handler                                  src\main.o
BTN_Right_Handler                                 src\main.o
BTN_Up_Handler                                    src\main.o
Btn_Init                                          HAL\src\board.o
                                                  src\main.o
Btn_Init_EXTI                                     HAL\src\board.o
Btn_isPressed                                     HAL\src\board.o
BusFault_Handler                                  src\stm32f4xx_it.o
                                                  src\startup_stm32f40xx.o
Buz_Init                                          HAL\src\board.o
                                                  src\main.o
Buz_Off                                           HAL\src\board.o
Buz_On                                            HAL\src\board.o
Buz_Toggle                                        HAL\src\board.o
                                                  src\main.o
CAN1_RX0_IRQHandler                               src\startup_stm32f40xx.o
CAN1_RX1_IRQHandler                               src\startup_stm32f40xx.o
CAN1_SCE_IRQHandler                               src\startup_stm32f40xx.o
CAN1_TX_IRQHandler                                src\startup_stm32f40xx.o
CAN2_RX0_IRQHandler                               src\startup_stm32f40xx.o
CAN2_RX1_IRQHandler                               src\startup_stm32f40xx.o
CAN2_SCE_IRQHandler                               src\startup_stm32f40xx.o
CAN2_TX_IRQHandler                                src\startup_stm32f40xx.o
CAN_CancelTransmit                                Libraries\STM32F4xx_StdPeriph_Driver\src\stm32f4xx_can.o
CAN_ClearFlag                                     Libraries\STM32F4xx_StdPeriph_Driver\src\stm32f4xx_can.o
CAN_ClearITPendingBit                             Libraries\STM32F4xx_StdPeriph_Driver\src\stm32f4xx_can.o
CAN_DBGFreeze                                     Libraries\STM32F4xx_StdPeriph_Driver\src\stm32f4xx_can.o
CAN_DeInit                                        Libraries\STM32F4xx_StdPeriph_Driver\src\stm32f4xx_can.o
CAN_FIFORelease                                   Libraries\STM32F4xx_StdPeriph_Driver\src\stm32f4xx_can.o
CAN_FilterInit                                    Libraries\STM32F4xx_StdPeriph_Driver\src\stm32f4xx_can.o
CAN_GetFlagStatus                                 Libraries\STM32F4xx_StdPeriph_Driver\src\stm32f4xx_can.o
CAN_GetITStatus                                   Libraries\STM32F4xx_StdPeriph_Driver\src\stm32f4xx_can.o
CAN_GetLSBTransmitErrorCounter                    Libraries\STM32F4xx_StdPeriph_Driver\src\stm32f4xx_can.o
CAN_GetLastErrorCode                              Libraries\STM32F4xx_StdPeriph_Driver\src\stm32f4xx_can.o
CAN_GetReceiveErrorCounter                        Libraries\STM32F4xx_StdPeriph_Driver\src\stm32f4xx_can.o
CAN_ITConfig                                      Libraries\STM32F4xx_StdPeriph_Driver\src\stm32f4xx_can.o
CAN_Init                                          Libraries\STM32F4xx_StdPeriph_Driver\src\stm32f4xx_can.o
CAN_MessagePending                                Libraries\STM32F4xx_StdPeriph_Driver\src\stm32f4xx_can.o
CAN_OperatingModeRequest                          Libraries\STM32F4xx_StdPeriph_Driver\src\stm32f4xx_can.o
CAN_Receive                                       Libraries\STM32F4xx_StdPeriph_Driver\src\stm32f4xx_can.o
CAN_SlaveStartBank                                Libraries\STM32F4xx_StdPeriph_Driver\src\stm32f4xx_can.o
CAN_Sleep                                         Libraries\STM32F4xx_StdPeriph_Driver\src\stm32f4xx_can.o
CAN_StructInit                                    Libraries\STM32F4xx_StdPeriph_Driver\src\stm32f4xx_can.o
CAN_TTComModeCmd                                  Libraries\STM32F4xx_StdPeriph_Driver\src\stm32f4xx_can.o
CAN_Transmit                                      Libraries\STM32F4xx_StdPeriph_Driver\src\stm32f4xx_can.o
CAN_TransmitStatus                                Libraries\STM32F4xx_StdPeriph_Driver\src\stm32f4xx_can.o
CAN_WakeUp                                        Libraries\STM32F4xx_StdPeriph_Driver\src\stm32f4xx_can.o
CRC_CalcBlockCRC                                  Libraries\STM32F4xx_StdPeriph_Driver\src\stm32f4xx_crc.o
CRC_CalcCRC                                       Libraries\STM32F4xx_StdPeriph_Driver\src\stm32f4xx_crc.o
CRC_GetCRC                                        Libraries\STM32F4xx_StdPeriph_Driver\src\stm32f4xx_crc.o
CRC_GetIDRegister                                 Libraries\STM32F4xx_StdPeriph_Driver\src\stm32f4xx_crc.o
CRC_ResetDR                                       Libraries\STM32F4xx_StdPeriph_Driver\src\stm32f4xx_crc.o
CRC_SetIDRegister                                 Libraries\STM32F4xx_StdPeriph_Driver\src\stm32f4xx_crc.o
CRYP_AES_CBC                                      Libraries\STM32F4xx_StdPeriph_Driver\src\stm32f4xx_cryp_aes.o
CRYP_AES_CCM                                      Libraries\STM32F4xx_StdPeriph_Driver\src\stm32f4xx_cryp_aes.o
CRYP_AES_CTR                                      Libraries\STM32F4xx_StdPeriph_Driver\src\stm32f4xx_cryp_aes.o
CRYP_AES_ECB                                      Libraries\STM32F4xx_StdPeriph_Driver\src\stm32f4xx_cryp_aes.o
CRYP_AES_GCM                                      Libraries\STM32F4xx_StdPeriph_Driver\src\stm32f4xx_cryp_aes.o
CRYP_Cmd                                          Libraries\STM32F4xx_StdPeriph_Driver\src\stm32f4xx_cryp.o
                                                  Libraries\STM32F4xx_StdPeriph_Driver\src\stm32f4xx_cryp_tdes.o
                                                  Libraries\STM32F4xx_StdPeriph_Driver\src\stm32f4xx_cryp_des.o
                                                  Libraries\STM32F4xx_StdPeriph_Driver\src\stm32f4xx_cryp_aes.o
CRYP_DES_CBC                                      Libraries\STM32F4xx_StdPeriph_Driver\src\stm32f4xx_cryp_des.o
CRYP_DES_ECB                                      Libraries\STM32F4xx_StdPeriph_Driver\src\stm32f4xx_cryp_des.o
CRYP_DMACmd                                       Libraries\STM32F4xx_StdPeriph_Driver\src\stm32f4xx_cryp.o
CRYP_DataIn                                       Libraries\STM32F4xx_StdPeriph_Driver\src\stm32f4xx_cryp.o
                                                  Libraries\STM32F4xx_StdPeriph_Driver\src\stm32f4xx_cryp_tdes.o
                                                  Libraries\STM32F4xx_StdPeriph_Driver\src\stm32f4xx_cryp_des.o
                                                  Libraries\STM32F4xx_StdPeriph_Driver\src\stm32f4xx_cryp_aes.o
CRYP_DataOut                                      Libraries\STM32F4xx_StdPeriph_Driver\src\stm32f4xx_cryp.o
                                                  Libraries\STM32F4xx_StdPeriph_Driver\src\stm32f4xx_cryp_tdes.o
                                                  Libraries\STM32F4xx_StdPeriph_Driver\src\stm32f4xx_cryp_des.o
                                                  Libraries\STM32F4xx_StdPeriph_Driver\src\stm32f4xx_cryp_aes.o
CRYP_DeInit                                       Libraries\STM32F4xx_StdPeriph_Driver\src\stm32f4xx_cryp.o
CRYP_FIFOFlush                                    Libraries\STM32F4xx_StdPeriph_Driver\src\stm32f4xx_cryp.o
                                                  Libraries\STM32F4xx_StdPeriph_Driver\src\stm32f4xx_cryp_tdes.o
                                                  Libraries\STM32F4xx_StdPeriph_Driver\src\stm32f4xx_cryp_des.o
                                                  Libraries\STM32F4xx_StdPeriph_Driver\src\stm32f4xx_cryp_aes.o
CRYP_GetCmdStatus                                 Libraries\STM32F4xx_StdPeriph_Driver\src\stm32f4xx_cryp.o
                                                  Libraries\STM32F4xx_StdPeriph_Driver\src\stm32f4xx_cryp_tdes.o
                                                  Libraries\STM32F4xx_StdPeriph_Driver\src\stm32f4xx_cryp_des.o
                                                  Libraries\STM32F4xx_StdPeriph_Driver\src\stm32f4xx_cryp_aes.o
CRYP_GetFlagStatus                                Libraries\STM32F4xx_StdPeriph_Driver\src\stm32f4xx_cryp.o
                                                  Libraries\STM32F4xx_StdPeriph_Driver\src\stm32f4xx_cryp_tdes.o
                                                  Libraries\STM32F4xx_StdPeriph_Driver\src\stm32f4xx_cryp_des.o
                                                  Libraries\STM32F4xx_StdPeriph_Driver\src\stm32f4xx_cryp_aes.o
CRYP_GetITStatus                                  Libraries\STM32F4xx_StdPeriph_Driver\src\stm32f4xx_cryp.o
CRYP_IRQHandler                                   src\startup_stm32f40xx.o
CRYP_ITConfig                                     Libraries\STM32F4xx_StdPeriph_Driver\src\stm32f4xx_cryp.o
CRYP_IVInit                                       Libraries\STM32F4xx_StdPeriph_Driver\src\stm32f4xx_cryp.o
                                                  Libraries\STM32F4xx_StdPeriph_Driver\src\stm32f4xx_cryp_tdes.o
                                                  Libraries\STM32F4xx_StdPeriph_Driver\src\stm32f4xx_cryp_des.o
                                                  Libraries\STM32F4xx_StdPeriph_Driver\src\stm32f4xx_cryp_aes.o
CRYP_IVStructInit                                 Libraries\STM32F4xx_StdPeriph_Driver\src\stm32f4xx_cryp.o
CRYP_Init                                         Libraries\STM32F4xx_StdPeriph_Driver\src\stm32f4xx_cryp.o
                                                  Libraries\STM32F4xx_StdPeriph_Driver\src\stm32f4xx_cryp_tdes.o
                                                  Libraries\STM32F4xx_StdPeriph_Driver\src\stm32f4xx_cryp_des.o
                                                  Libraries\STM32F4xx_StdPeriph_Driver\src\stm32f4xx_cryp_aes.o
CRYP_KeyInit                                      Libraries\STM32F4xx_StdPeriph_Driver\src\stm32f4xx_cryp.o
                                                  Libraries\STM32F4xx_StdPeriph_Driver\src\stm32f4xx_cryp_tdes.o
                                                  Libraries\STM32F4xx_StdPeriph_Driver\src\stm32f4xx_cryp_des.o
                                                  Libraries\STM32F4xx_StdPeriph_Driver\src\stm32f4xx_cryp_aes.o
CRYP_KeyStructInit                                Libraries\STM32F4xx_StdPeriph_Driver\src\stm32f4xx_cryp.o
                                                  Libraries\STM32F4xx_StdPeriph_Driver\src\stm32f4xx_cryp_tdes.o
                                                  Libraries\STM32F4xx_StdPeriph_Driver\src\stm32f4xx_cryp_des.o
                                                  Libraries\STM32F4xx_StdPeriph_Driver\src\stm32f4xx_cryp_aes.o
CRYP_PhaseConfig                                  Libraries\STM32F4xx_StdPeriph_Driver\src\stm32f4xx_cryp.o
                                                  Libraries\STM32F4xx_StdPeriph_Driver\src\stm32f4xx_cryp_aes.o
CRYP_RestoreContext                               Libraries\STM32F4xx_StdPeriph_Driver\src\stm32f4xx_cryp.o
CRYP_SaveContext                                  Libraries\STM32F4xx_StdPeriph_Driver\src\stm32f4xx_cryp.o
CRYP_StructInit                                   Libraries\STM32F4xx_StdPeriph_Driver\src\stm32f4xx_cryp.o
CRYP_TDES_CBC                                     Libraries\STM32F4xx_StdPeriph_Driver\src\stm32f4xx_cryp_tdes.o
CRYP_TDES_ECB                                     Libraries\STM32F4xx_StdPeriph_Driver\src\stm32f4xx_cryp_tdes.o
DAC_ClearFlag                                     Libraries\STM32F4xx_StdPeriph_Driver\src\stm32f4xx_dac.o
DAC_ClearITPendingBit                             Libraries\STM32F4xx_StdPeriph_Driver\src\stm32f4xx_dac.o
DAC_Cmd                                           Libraries\STM32F4xx_StdPeriph_Driver\src\stm32f4xx_dac.o
DAC_DMACmd                                        Libraries\STM32F4xx_StdPeriph_Driver\src\stm32f4xx_dac.o
DAC_DeInit                                        Libraries\STM32F4xx_StdPeriph_Driver\src\stm32f4xx_dac.o
DAC_DualSoftwareTriggerCmd                        Libraries\STM32F4xx_StdPeriph_Driver\src\stm32f4xx_dac.o
DAC_GetDataOutputValue                            Libraries\STM32F4xx_StdPeriph_Driver\src\stm32f4xx_dac.o
DAC_GetFlagStatus                                 Libraries\STM32F4xx_StdPeriph_Driver\src\stm32f4xx_dac.o
DAC_GetITStatus                                   Libraries\STM32F4xx_StdPeriph_Driver\src\stm32f4xx_dac.o
DAC_ITConfig                                      Libraries\STM32F4xx_StdPeriph_Driver\src\stm32f4xx_dac.o
DAC_Init                                          Libraries\STM32F4xx_StdPeriph_Driver\src\stm32f4xx_dac.o
DAC_SetChannel1Data                               Libraries\STM32F4xx_StdPeriph_Driver\src\stm32f4xx_dac.o
DAC_SetChannel2Data                               Libraries\STM32F4xx_StdPeriph_Driver\src\stm32f4xx_dac.o
DAC_SetDualChannelData                            Libraries\STM32F4xx_StdPeriph_Driver\src\stm32f4xx_dac.o
DAC_SoftwareTriggerCmd                            Libraries\STM32F4xx_StdPeriph_Driver\src\stm32f4xx_dac.o
DAC_StructInit                                    Libraries\STM32F4xx_StdPeriph_Driver\src\stm32f4xx_dac.o
DAC_WaveGenerationCmd                             Libraries\STM32F4xx_StdPeriph_Driver\src\stm32f4xx_dac.o
DBGMCU_APB1PeriphConfig                           Libraries\STM32F4xx_StdPeriph_Driver\src\stm32f4xx_dbgmcu.o
DBGMCU_APB2PeriphConfig                           Libraries\STM32F4xx_StdPeriph_Driver\src\stm32f4xx_dbgmcu.o
DBGMCU_Config                                     Libraries\STM32F4xx_StdPeriph_Driver\src\stm32f4xx_dbgmcu.o
DBGMCU_GetDEVID                                   Libraries\STM32F4xx_StdPeriph_Driver\src\stm32f4xx_dbgmcu.o
DBGMCU_GetREVID                                   Libraries\STM32F4xx_StdPeriph_Driver\src\stm32f4xx_dbgmcu.o
DCMI_CROPCmd                                      Libraries\STM32F4xx_StdPeriph_Driver\src\stm32f4xx_dcmi.o
DCMI_CROPConfig                                   Libraries\STM32F4xx_StdPeriph_Driver\src\stm32f4xx_dcmi.o
DCMI_CaptureCmd                                   Libraries\STM32F4xx_StdPeriph_Driver\src\stm32f4xx_dcmi.o
DCMI_ClearFlag                                    Libraries\STM32F4xx_StdPeriph_Driver\src\stm32f4xx_dcmi.o
DCMI_ClearITPendingBit                            Libraries\STM32F4xx_StdPeriph_Driver\src\stm32f4xx_dcmi.o
DCMI_Cmd                                          Libraries\STM32F4xx_StdPeriph_Driver\src\stm32f4xx_dcmi.o
DCMI_DeInit                                       Libraries\STM32F4xx_StdPeriph_Driver\src\stm32f4xx_dcmi.o
DCMI_GetFlagStatus                                Libraries\STM32F4xx_StdPeriph_Driver\src\stm32f4xx_dcmi.o
DCMI_GetITStatus                                  Libraries\STM32F4xx_StdPeriph_Driver\src\stm32f4xx_dcmi.o
DCMI_IRQHandler                                   src\startup_stm32f40xx.o
DCMI_ITConfig                                     Libraries\STM32F4xx_StdPeriph_Driver\src\stm32f4xx_dcmi.o
DCMI_Init                                         Libraries\STM32F4xx_StdPeriph_Driver\src\stm32f4xx_dcmi.o
DCMI_JPEGCmd                                      Libraries\STM32F4xx_StdPeriph_Driver\src\stm32f4xx_dcmi.o
DCMI_ReadData                                     Libraries\STM32F4xx_StdPeriph_Driver\src\stm32f4xx_dcmi.o
DCMI_SetEmbeddedSynchroCodes                      Libraries\STM32F4xx_StdPeriph_Driver\src\stm32f4xx_dcmi.o
DCMI_StructInit                                   Libraries\STM32F4xx_StdPeriph_Driver\src\stm32f4xx_dcmi.o
DMA1_Stream0_IRQHandler                           src\startup_stm32f40xx.o
DMA1_Stream1_IRQHandler                           src\startup_stm32f40xx.o
DMA1_Stream2_IRQHandler                           src\startup_stm32f40xx.o
DMA1_Stream3_IRQHandler                           src\startup_stm32f40xx.o
DMA1_Stream4_IRQHandler                           src\startup_stm32f40xx.o
DMA1_Stream5_IRQHandler                           src\startup_stm32f40xx.o
DMA1_Stream6_IRQHandler                           src\startup_stm32f40xx.o
DMA1_Stream7_IRQHandler                           src\startup_stm32f40xx.o
DMA2_Stream0_IRQHandler                           src\startup_stm32f40xx.o
DMA2_Stream1_IRQHandler                           src\startup_stm32f40xx.o
DMA2_Stream2_IRQHandler                           src\startup_stm32f40xx.o
DMA2_Stream3_IRQHandler                           src\startup_stm32f40xx.o
DMA2_Stream4_IRQHandler                           src\startup_stm32f40xx.o
DMA2_Stream5_IRQHandler                           src\startup_stm32f40xx.o
DMA2_Stream6_IRQHandler                           src\startup_stm32f40xx.o
DMA2_Stream7_IRQHandler                           src\startup_stm32f40xx.o
DMA_ClearFlag                                     Libraries\STM32F4xx_StdPeriph_Driver\src\stm32f4xx_dma.o
DMA_ClearITPendingBit                             Libraries\STM32F4xx_StdPeriph_Driver\src\stm32f4xx_dma.o
DMA_Cmd                                           Libraries\STM32F4xx_StdPeriph_Driver\src\stm32f4xx_dma.o
DMA_DeInit                                        Libraries\STM32F4xx_StdPeriph_Driver\src\stm32f4xx_dma.o
DMA_DoubleBufferModeCmd                           Libraries\STM32F4xx_StdPeriph_Driver\src\stm32f4xx_dma.o
DMA_DoubleBufferModeConfig                        Libraries\STM32F4xx_StdPeriph_Driver\src\stm32f4xx_dma.o
DMA_FlowControllerConfig                          Libraries\STM32F4xx_StdPeriph_Driver\src\stm32f4xx_dma.o
DMA_GetCmdStatus                                  Libraries\STM32F4xx_StdPeriph_Driver\src\stm32f4xx_dma.o
DMA_GetCurrDataCounter                            Libraries\STM32F4xx_StdPeriph_Driver\src\stm32f4xx_dma.o
DMA_GetCurrentMemoryTarget                        Libraries\STM32F4xx_StdPeriph_Driver\src\stm32f4xx_dma.o
DMA_GetFIFOStatus                                 Libraries\STM32F4xx_StdPeriph_Driver\src\stm32f4xx_dma.o
DMA_GetFlagStatus                                 Libraries\STM32F4xx_StdPeriph_Driver\src\stm32f4xx_dma.o
DMA_GetITStatus                                   Libraries\STM32F4xx_StdPeriph_Driver\src\stm32f4xx_dma.o
DMA_ITConfig                                      Libraries\STM32F4xx_StdPeriph_Driver\src\stm32f4xx_dma.o
DMA_Init                                          Libraries\STM32F4xx_StdPeriph_Driver\src\stm32f4xx_dma.o
DMA_MemoryTargetConfig                            Libraries\STM32F4xx_StdPeriph_Driver\src\stm32f4xx_dma.o
DMA_PeriphIncOffsetSizeConfig                     Libraries\STM32F4xx_StdPeriph_Driver\src\stm32f4xx_dma.o
DMA_SetCurrDataCounter                            Libraries\STM32F4xx_StdPeriph_Driver\src\stm32f4xx_dma.o
DMA_StructInit                                    Libraries\STM32F4xx_StdPeriph_Driver\src\stm32f4xx_dma.o
DebugMon_Handler                                  src\stm32f4xx_it.o
                                                  src\startup_stm32f40xx.o
Default_Handler                                   src\startup_stm32f40xx.o
EEPROM_Init                                       HAL\src\EEPROM.o
EEPROM_ReadByte                                   HAL\src\EEPROM.o
EEPROM_WriteByte                                  HAL\src\EEPROM.o
ETH_IRQHandler                                    src\startup_stm32f40xx.o
ETH_WKUP_IRQHandler                               src\startup_stm32f40xx.o
EXTI0_IRQHandler                                  HAL\src\board.o
EXTI15_10_IRQHandler                              HAL\src\board.o
EXTI1_IRQHandler                                  HAL\src\board.o
EXTI2_IRQHandler                                  HAL\src\board.o
EXTI3_IRQHandler                                  src\startup_stm32f40xx.o
EXTI4_IRQHandler                                  src\startup_stm32f40xx.o
EXTI9_5_IRQHandler                                src\startup_stm32f40xx.o
EXTI_ClearFlag                                    Libraries\STM32F4xx_StdPeriph_Driver\src\stm32f4xx_exti.o
EXTI_ClearITPendingBit                            Libraries\STM32F4xx_StdPeriph_Driver\src\stm32f4xx_exti.o
EXTI_DeInit                                       Libraries\STM32F4xx_StdPeriph_Driver\src\stm32f4xx_exti.o
EXTI_GenerateSWInterrupt                          Libraries\STM32F4xx_StdPeriph_Driver\src\stm32f4xx_exti.o
EXTI_GetFlagStatus                                Libraries\STM32F4xx_StdPeriph_Driver\src\stm32f4xx_exti.o
EXTI_GetITStatus                                  Libraries\STM32F4xx_StdPeriph_Driver\src\stm32f4xx_exti.o
EXTI_Init                                         Libraries\STM32F4xx_StdPeriph_Driver\src\stm32f4xx_exti.o
EXTI_StructInit                                   Libraries\STM32F4xx_StdPeriph_Driver\src\stm32f4xx_exti.o
FLASH_ClearFlag                                   Libraries\STM32F4xx_StdPeriph_Driver\src\stm32f4xx_flash.o
FLASH_DataCacheCmd                                Libraries\STM32F4xx_StdPeriph_Driver\src\stm32f4xx_flash.o
FLASH_DataCacheReset                              Libraries\STM32F4xx_StdPeriph_Driver\src\stm32f4xx_flash.o
FLASH_EraseAllSectors                             Libraries\STM32F4xx_StdPeriph_Driver\src\stm32f4xx_flash.o
FLASH_EraseSector                                 Libraries\STM32F4xx_StdPeriph_Driver\src\stm32f4xx_flash.o
FLASH_GetFlagStatus                               Libraries\STM32F4xx_StdPeriph_Driver\src\stm32f4xx_flash.o
FLASH_GetStatus                                   Libraries\STM32F4xx_StdPeriph_Driver\src\stm32f4xx_flash.o
FLASH_IRQHandler                                  src\startup_stm32f40xx.o
FLASH_ITConfig                                    Libraries\STM32F4xx_StdPeriph_Driver\src\stm32f4xx_flash.o
FLASH_InstructionCacheCmd                         Libraries\STM32F4xx_StdPeriph_Driver\src\stm32f4xx_flash.o
FLASH_InstructionCacheReset                       Libraries\STM32F4xx_StdPeriph_Driver\src\stm32f4xx_flash.o
FLASH_Lock                                        Libraries\STM32F4xx_StdPeriph_Driver\src\stm32f4xx_flash.o
FLASH_OB_BORConfig                                Libraries\STM32F4xx_StdPeriph_Driver\src\stm32f4xx_flash.o
FLASH_OB_GetBOR                                   Libraries\STM32F4xx_StdPeriph_Driver\src\stm32f4xx_flash.o
FLASH_OB_GetRDP                                   Libraries\STM32F4xx_StdPeriph_Driver\src\stm32f4xx_flash.o
FLASH_OB_GetUser                                  Libraries\STM32F4xx_StdPeriph_Driver\src\stm32f4xx_flash.o
FLASH_OB_GetWRP                                   Libraries\STM32F4xx_StdPeriph_Driver\src\stm32f4xx_flash.o
FLASH_OB_GetWRP1                                  Libraries\STM32F4xx_StdPeriph_Driver\src\stm32f4xx_flash.o
FLASH_OB_Launch                                   Libraries\STM32F4xx_StdPeriph_Driver\src\stm32f4xx_flash.o
FLASH_OB_Lock                                     Libraries\STM32F4xx_StdPeriph_Driver\src\stm32f4xx_flash.o
FLASH_OB_RDPConfig                                Libraries\STM32F4xx_StdPeriph_Driver\src\stm32f4xx_flash.o
FLASH_OB_Unlock                                   Libraries\STM32F4xx_StdPeriph_Driver\src\stm32f4xx_flash.o
FLASH_OB_UserConfig                               Libraries\STM32F4xx_StdPeriph_Driver\src\stm32f4xx_flash.o
FLASH_OB_WRP1Config                               Libraries\STM32F4xx_StdPeriph_Driver\src\stm32f4xx_flash.o
FLASH_OB_WRPConfig                                Libraries\STM32F4xx_StdPeriph_Driver\src\stm32f4xx_flash.o
FLASH_PrefetchBufferCmd                           Libraries\STM32F4xx_StdPeriph_Driver\src\stm32f4xx_flash.o
FLASH_ProgramByte                                 Libraries\STM32F4xx_StdPeriph_Driver\src\stm32f4xx_flash.o
FLASH_ProgramDoubleWord                           Libraries\STM32F4xx_StdPeriph_Driver\src\stm32f4xx_flash.o
FLASH_ProgramHalfWord                             Libraries\STM32F4xx_StdPeriph_Driver\src\stm32f4xx_flash.o
FLASH_ProgramWord                                 Libraries\STM32F4xx_StdPeriph_Driver\src\stm32f4xx_flash.o
FLASH_SetLatency                                  Libraries\STM32F4xx_StdPeriph_Driver\src\stm32f4xx_flash.o
FLASH_Unlock                                      Libraries\STM32F4xx_StdPeriph_Driver\src\stm32f4xx_flash.o
FLASH_WaitForLastOperation                        Libraries\STM32F4xx_StdPeriph_Driver\src\stm32f4xx_flash.o
FPU_IRQHandler                                    src\startup_stm32f40xx.o
FSMC_ClearFlag                                    Libraries\STM32F4xx_StdPeriph_Driver\src\stm32f4xx_fsmc.o
FSMC_ClearITPendingBit                            Libraries\STM32F4xx_StdPeriph_Driver\src\stm32f4xx_fsmc.o
FSMC_GetECC                                       Libraries\STM32F4xx_StdPeriph_Driver\src\stm32f4xx_fsmc.o
FSMC_GetFlagStatus                                Libraries\STM32F4xx_StdPeriph_Driver\src\stm32f4xx_fsmc.o
FSMC_GetITStatus                                  Libraries\STM32F4xx_StdPeriph_Driver\src\stm32f4xx_fsmc.o
FSMC_IRQHandler                                   src\startup_stm32f40xx.o
FSMC_ITConfig                                     Libraries\STM32F4xx_StdPeriph_Driver\src\stm32f4xx_fsmc.o
FSMC_NANDCmd                                      Libraries\STM32F4xx_StdPeriph_Driver\src\stm32f4xx_fsmc.o
FSMC_NANDDeInit                                   Libraries\STM32F4xx_StdPeriph_Driver\src\stm32f4xx_fsmc.o
FSMC_NANDECCCmd                                   Libraries\STM32F4xx_StdPeriph_Driver\src\stm32f4xx_fsmc.o
FSMC_NANDInit                                     Libraries\STM32F4xx_StdPeriph_Driver\src\stm32f4xx_fsmc.o
FSMC_NANDStructInit                               Libraries\STM32F4xx_StdPeriph_Driver\src\stm32f4xx_fsmc.o
FSMC_NORSRAMCmd                                   Libraries\STM32F4xx_StdPeriph_Driver\src\stm32f4xx_fsmc.o
FSMC_NORSRAMDeInit                                Libraries\STM32F4xx_StdPeriph_Driver\src\stm32f4xx_fsmc.o
FSMC_NORSRAMInit                                  Libraries\STM32F4xx_StdPeriph_Driver\src\stm32f4xx_fsmc.o
FSMC_NORSRAMStructInit                            Libraries\STM32F4xx_StdPeriph_Driver\src\stm32f4xx_fsmc.o
FSMC_PCCARDCmd                                    Libraries\STM32F4xx_StdPeriph_Driver\src\stm32f4xx_fsmc.o
FSMC_PCCARDDeInit                                 Libraries\STM32F4xx_StdPeriph_Driver\src\stm32f4xx_fsmc.o
FSMC_PCCARDInit                                   Libraries\STM32F4xx_StdPeriph_Driver\src\stm32f4xx_fsmc.o
FSMC_PCCARDStructInit                             Libraries\STM32F4xx_StdPeriph_Driver\src\stm32f4xx_fsmc.o
GPIO_DeInit                                       Libraries\STM32F4xx_StdPeriph_Driver\src\stm32f4xx_gpio.o
GPIO_Init                                         Libraries\STM32F4xx_StdPeriph_Driver\src\stm32f4xx_gpio.o
GPIO_PinAFConfig                                  Libraries\STM32F4xx_StdPeriph_Driver\src\stm32f4xx_gpio.o
GPIO_PinLockConfig                                Libraries\STM32F4xx_StdPeriph_Driver\src\stm32f4xx_gpio.o
GPIO_ReadInputData                                Libraries\STM32F4xx_StdPeriph_Driver\src\stm32f4xx_gpio.o
GPIO_ReadInputDataBit                             Libraries\STM32F4xx_StdPeriph_Driver\src\stm32f4xx_gpio.o
GPIO_ReadOutputData                               Libraries\STM32F4xx_StdPeriph_Driver\src\stm32f4xx_gpio.o
GPIO_ReadOutputDataBit                            Libraries\STM32F4xx_StdPeriph_Driver\src\stm32f4xx_gpio.o
GPIO_ResetBits                                    Libraries\STM32F4xx_StdPeriph_Driver\src\stm32f4xx_gpio.o
GPIO_SetBits                                      Libraries\STM32F4xx_StdPeriph_Driver\src\stm32f4xx_gpio.o
GPIO_StructInit                                   Libraries\STM32F4xx_StdPeriph_Driver\src\stm32f4xx_gpio.o
GPIO_ToggleBits                                   Libraries\STM32F4xx_StdPeriph_Driver\src\stm32f4xx_gpio.o
GPIO_Write                                        Libraries\STM32F4xx_StdPeriph_Driver\src\stm32f4xx_gpio.o
GPIO_WriteBit                                     Libraries\STM32F4xx_StdPeriph_Driver\src\stm32f4xx_gpio.o
HASH_AutoStartDigest                              Libraries\STM32F4xx_StdPeriph_Driver\src\stm32f4xx_hash.o
HASH_ClearFlag                                    Libraries\STM32F4xx_StdPeriph_Driver\src\stm32f4xx_hash.o
HASH_ClearITPendingBit                            Libraries\STM32F4xx_StdPeriph_Driver\src\stm32f4xx_hash.o
HASH_DMACmd                                       Libraries\STM32F4xx_StdPeriph_Driver\src\stm32f4xx_hash.o
HASH_DataIn                                       Libraries\STM32F4xx_StdPeriph_Driver\src\stm32f4xx_hash.o
                                                  Libraries\STM32F4xx_StdPeriph_Driver\src\stm32f4xx_hash_sha1.o
                                                  Libraries\STM32F4xx_StdPeriph_Driver\src\stm32f4xx_hash_md5.o
HASH_DeInit                                       Libraries\STM32F4xx_StdPeriph_Driver\src\stm32f4xx_hash.o
                                                  Libraries\STM32F4xx_StdPeriph_Driver\src\stm32f4xx_hash_sha1.o
                                                  Libraries\STM32F4xx_StdPeriph_Driver\src\stm32f4xx_hash_md5.o
HASH_GetDigest                                    Libraries\STM32F4xx_StdPeriph_Driver\src\stm32f4xx_hash.o
                                                  Libraries\STM32F4xx_StdPeriph_Driver\src\stm32f4xx_hash_sha1.o
                                                  Libraries\STM32F4xx_StdPeriph_Driver\src\stm32f4xx_hash_md5.o
HASH_GetFlagStatus                                Libraries\STM32F4xx_StdPeriph_Driver\src\stm32f4xx_hash.o
                                                  Libraries\STM32F4xx_StdPeriph_Driver\src\stm32f4xx_hash_sha1.o
                                                  Libraries\STM32F4xx_StdPeriph_Driver\src\stm32f4xx_hash_md5.o
HASH_GetITStatus                                  Libraries\STM32F4xx_StdPeriph_Driver\src\stm32f4xx_hash.o
HASH_GetInFIFOWordsNbr                            Libraries\STM32F4xx_StdPeriph_Driver\src\stm32f4xx_hash.o
HASH_ITConfig                                     Libraries\STM32F4xx_StdPeriph_Driver\src\stm32f4xx_hash.o
HASH_Init                                         Libraries\STM32F4xx_StdPeriph_Driver\src\stm32f4xx_hash.o
                                                  Libraries\STM32F4xx_StdPeriph_Driver\src\stm32f4xx_hash_sha1.o
                                                  Libraries\STM32F4xx_StdPeriph_Driver\src\stm32f4xx_hash_md5.o
HASH_MD5                                          Libraries\STM32F4xx_StdPeriph_Driver\src\stm32f4xx_hash_md5.o
HASH_RNG_IRQHandler                               src\startup_stm32f40xx.o
HASH_Reset                                        Libraries\STM32F4xx_StdPeriph_Driver\src\stm32f4xx_hash.o
HASH_RestoreContext                               Libraries\STM32F4xx_StdPeriph_Driver\src\stm32f4xx_hash.o
HASH_SHA1                                         Libraries\STM32F4xx_StdPeriph_Driver\src\stm32f4xx_hash_sha1.o
HASH_SaveContext                                  Libraries\STM32F4xx_StdPeriph_Driver\src\stm32f4xx_hash.o
HASH_SetLastWordValidBitsNbr                      Libraries\STM32F4xx_StdPeriph_Driver\src\stm32f4xx_hash.o
                                                  Libraries\STM32F4xx_StdPeriph_Driver\src\stm32f4xx_hash_sha1.o
                                                  Libraries\STM32F4xx_StdPeriph_Driver\src\stm32f4xx_hash_md5.o
HASH_StartDigest                                  Libraries\STM32F4xx_StdPeriph_Driver\src\stm32f4xx_hash.o
                                                  Libraries\STM32F4xx_StdPeriph_Driver\src\stm32f4xx_hash_sha1.o
                                                  Libraries\STM32F4xx_StdPeriph_Driver\src\stm32f4xx_hash_md5.o
HASH_StructInit                                   Libraries\STM32F4xx_StdPeriph_Driver\src\stm32f4xx_hash.o
HMAC_MD5                                          Libraries\STM32F4xx_StdPeriph_Driver\src\stm32f4xx_hash_md5.o
HMAC_SHA1                                         Libraries\STM32F4xx_StdPeriph_Driver\src\stm32f4xx_hash_sha1.o
HardFault_Handler                                 src\stm32f4xx_it.o
                                                  src\startup_stm32f40xx.o
I2C1_ER_IRQHandler                                src\startup_stm32f40xx.o
I2C1_EV_IRQHandler                                src\startup_stm32f40xx.o
I2C1_Init                                         MCAL\src\i2c.o
I2C1_ReadData                                     MCAL\src\i2c.o
                                                  HAL\src\EEPROM.o
I2C1_Start                                        MCAL\src\i2c.o
                                                  HAL\src\EEPROM.o
I2C1_Stop                                         MCAL\src\i2c.o
                                                  HAL\src\EEPROM.o
I2C1_WriteAddress                                 MCAL\src\i2c.o
                                                  HAL\src\EEPROM.o
I2C1_WriteData                                    MCAL\src\i2c.o
                                                  HAL\src\EEPROM.o
I2C2_ER_IRQHandler                                src\startup_stm32f40xx.o
I2C2_EV_IRQHandler                                src\startup_stm32f40xx.o
I2C3_ER_IRQHandler                                src\startup_stm32f40xx.o
I2C3_EV_IRQHandler                                src\startup_stm32f40xx.o
I2C_ARPCmd                                        Libraries\STM32F4xx_StdPeriph_Driver\src\stm32f4xx_i2c.o
I2C_AcknowledgeConfig                             Libraries\STM32F4xx_StdPeriph_Driver\src\stm32f4xx_i2c.o
I2C_AnalogFilterCmd                               Libraries\STM32F4xx_StdPeriph_Driver\src\stm32f4xx_i2c.o
I2C_CalculatePEC                                  Libraries\STM32F4xx_StdPeriph_Driver\src\stm32f4xx_i2c.o
I2C_CheckEvent                                    Libraries\STM32F4xx_StdPeriph_Driver\src\stm32f4xx_i2c.o
I2C_ClearFlag                                     Libraries\STM32F4xx_StdPeriph_Driver\src\stm32f4xx_i2c.o
I2C_ClearITPendingBit                             Libraries\STM32F4xx_StdPeriph_Driver\src\stm32f4xx_i2c.o
I2C_Cmd                                           Libraries\STM32F4xx_StdPeriph_Driver\src\stm32f4xx_i2c.o
I2C_DMACmd                                        Libraries\STM32F4xx_StdPeriph_Driver\src\stm32f4xx_i2c.o
I2C_DMALastTransferCmd                            Libraries\STM32F4xx_StdPeriph_Driver\src\stm32f4xx_i2c.o
I2C_DeInit                                        Libraries\STM32F4xx_StdPeriph_Driver\src\stm32f4xx_i2c.o
I2C_DigitalFilterConfig                           Libraries\STM32F4xx_StdPeriph_Driver\src\stm32f4xx_i2c.o
I2C_DualAddressCmd                                Libraries\STM32F4xx_StdPeriph_Driver\src\stm32f4xx_i2c.o
I2C_FastModeDutyCycleConfig                       Libraries\STM32F4xx_StdPeriph_Driver\src\stm32f4xx_i2c.o
I2C_GeneralCallCmd                                Libraries\STM32F4xx_StdPeriph_Driver\src\stm32f4xx_i2c.o
I2C_GenerateSTART                                 Libraries\STM32F4xx_StdPeriph_Driver\src\stm32f4xx_i2c.o
I2C_GenerateSTOP                                  Libraries\STM32F4xx_StdPeriph_Driver\src\stm32f4xx_i2c.o
I2C_GetFlagStatus                                 Libraries\STM32F4xx_StdPeriph_Driver\src\stm32f4xx_i2c.o
I2C_GetITStatus                                   Libraries\STM32F4xx_StdPeriph_Driver\src\stm32f4xx_i2c.o
I2C_GetLastEvent                                  Libraries\STM32F4xx_StdPeriph_Driver\src\stm32f4xx_i2c.o
I2C_GetPEC                                        Libraries\STM32F4xx_StdPeriph_Driver\src\stm32f4xx_i2c.o
I2C_ITConfig                                      Libraries\STM32F4xx_StdPeriph_Driver\src\stm32f4xx_i2c.o
I2C_Init                                          Libraries\STM32F4xx_StdPeriph_Driver\src\stm32f4xx_i2c.o
I2C_NACKPositionConfig                            Libraries\STM32F4xx_StdPeriph_Driver\src\stm32f4xx_i2c.o
I2C_OwnAddress2Config                             Libraries\STM32F4xx_StdPeriph_Driver\src\stm32f4xx_i2c.o
I2C_PECPositionConfig                             Libraries\STM32F4xx_StdPeriph_Driver\src\stm32f4xx_i2c.o
I2C_ReadRegister                                  Libraries\STM32F4xx_StdPeriph_Driver\src\stm32f4xx_i2c.o
I2C_ReceiveData                                   Libraries\STM32F4xx_StdPeriph_Driver\src\stm32f4xx_i2c.o
I2C_SMBusAlertConfig                              Libraries\STM32F4xx_StdPeriph_Driver\src\stm32f4xx_i2c.o
I2C_Send7bitAddress                               Libraries\STM32F4xx_StdPeriph_Driver\src\stm32f4xx_i2c.o
I2C_SendData                                      Libraries\STM32F4xx_StdPeriph_Driver\src\stm32f4xx_i2c.o
I2C_SoftwareResetCmd                              Libraries\STM32F4xx_StdPeriph_Driver\src\stm32f4xx_i2c.o
I2C_StretchClockCmd                               Libraries\STM32F4xx_StdPeriph_Driver\src\stm32f4xx_i2c.o
I2C_StructInit                                    Libraries\STM32F4xx_StdPeriph_Driver\src\stm32f4xx_i2c.o
I2C_TransmitPEC                                   Libraries\STM32F4xx_StdPeriph_Driver\src\stm32f4xx_i2c.o
I2S_Cmd                                           Libraries\STM32F4xx_StdPeriph_Driver\src\stm32f4xx_spi.o
I2S_FullDuplexConfig                              Libraries\STM32F4xx_StdPeriph_Driver\src\stm32f4xx_spi.o
I2S_Init                                          Libraries\STM32F4xx_StdPeriph_Driver\src\stm32f4xx_spi.o
I2S_StructInit                                    Libraries\STM32F4xx_StdPeriph_Driver\src\stm32f4xx_spi.o
IWDG_Enable                                       Libraries\STM32F4xx_StdPeriph_Driver\src\stm32f4xx_iwdg.o
IWDG_GetFlagStatus                                Libraries\STM32F4xx_StdPeriph_Driver\src\stm32f4xx_iwdg.o
IWDG_ReloadCounter                                Libraries\STM32F4xx_StdPeriph_Driver\src\stm32f4xx_iwdg.o
IWDG_SetPrescaler                                 Libraries\STM32F4xx_StdPeriph_Driver\src\stm32f4xx_iwdg.o
IWDG_SetReload                                    Libraries\STM32F4xx_StdPeriph_Driver\src\stm32f4xx_iwdg.o
IWDG_WriteAccessCmd                               Libraries\STM32F4xx_StdPeriph_Driver\src\stm32f4xx_iwdg.o
Keypad_GetKey                                     HAL\src\keypad.o
Keypad_Init                                       HAL\src\keypad.o
LCD_Clear                                         HAL\src\LCD.o
LCD_DispChar                                      HAL\src\LCD.o
LCD_DispCharXY                                    HAL\src\LCD.o
LCD_DispInt                                       HAL\src\LCD.o
LCD_DispIntXY                                     HAL\src\LCD.o
LCD_DispStr                                       HAL\src\LCD.o
LCD_DispStrXY                                     HAL\src\LCD.o
LCD_Init                                          HAL\src\LCD.o
Led_Init                                          HAL\src\board.o
Led_Off                                           HAL\src\board.o
Led_On                                            HAL\src\board.o
Led_Toggle                                        HAL\src\board.o
Leds_Init                                         HAL\src\board.o
                                                  src\main.o
Leds_Off                                          HAL\src\board.o
Leds_On                                           HAL\src\board.o
Leds_Toggle                                       HAL\src\board.o
                                                  src\main.o
MemManage_Handler                                 src\stm32f4xx_it.o
                                                  src\startup_stm32f40xx.o
NMI_Handler                                       src\stm32f4xx_it.o
                                                  src\startup_stm32f40xx.o
NVIC_Init                                         Libraries\STM32F4xx_StdPeriph_Driver\src\misc.o
NVIC_PriorityGroupConfig                          Libraries\STM32F4xx_StdPeriph_Driver\src\misc.o
NVIC_SetVectorTable                               Libraries\STM32F4xx_StdPeriph_Driver\src\misc.o
NVIC_SystemLPConfig                               Libraries\STM32F4xx_StdPeriph_Driver\src\misc.o
OTG_FS_IRQHandler                                 src\startup_stm32f40xx.o
OTG_FS_WKUP_IRQHandler                            src\startup_stm32f40xx.o
OTG_HS_EP1_IN_IRQHandler                          src\startup_stm32f40xx.o
OTG_HS_EP1_OUT_IRQHandler                         src\startup_stm32f40xx.o
OTG_HS_IRQHandler                                 src\startup_stm32f40xx.o
OTG_HS_WKUP_IRQHandler                            src\startup_stm32f40xx.o
PVD_IRQHandler                                    src\startup_stm32f40xx.o
PWR_BackupAccessCmd                               Libraries\STM32F4xx_StdPeriph_Driver\src\stm32f4xx_pwr.o
PWR_BackupRegulatorCmd                            Libraries\STM32F4xx_StdPeriph_Driver\src\stm32f4xx_pwr.o
PWR_ClearFlag                                     Libraries\STM32F4xx_StdPeriph_Driver\src\stm32f4xx_pwr.o
PWR_DeInit                                        Libraries\STM32F4xx_StdPeriph_Driver\src\stm32f4xx_pwr.o
PWR_EnterSTANDBYMode                              Libraries\STM32F4xx_StdPeriph_Driver\src\stm32f4xx_pwr.o
PWR_EnterSTOPMode                                 Libraries\STM32F4xx_StdPeriph_Driver\src\stm32f4xx_pwr.o
PWR_FlashPowerDownCmd                             Libraries\STM32F4xx_StdPeriph_Driver\src\stm32f4xx_pwr.o
PWR_GetFlagStatus                                 Libraries\STM32F4xx_StdPeriph_Driver\src\stm32f4xx_pwr.o
PWR_MainRegulatorModeConfig                       Libraries\STM32F4xx_StdPeriph_Driver\src\stm32f4xx_pwr.o
PWR_PVDCmd                                        Libraries\STM32F4xx_StdPeriph_Driver\src\stm32f4xx_pwr.o
PWR_PVDLevelConfig                                Libraries\STM32F4xx_StdPeriph_Driver\src\stm32f4xx_pwr.o
PWR_WakeUpPinCmd                                  Libraries\STM32F4xx_StdPeriph_Driver\src\stm32f4xx_pwr.o
PendSV_Handler                                    Service\FreeRTOS\src\port.o
RCC_AHB1PeriphClockCmd                            Libraries\STM32F4xx_StdPeriph_Driver\src\stm32f4xx_rcc.o
RCC_AHB1PeriphClockLPModeCmd                      Libraries\STM32F4xx_StdPeriph_Driver\src\stm32f4xx_rcc.o
RCC_AHB1PeriphResetCmd                            Libraries\STM32F4xx_StdPeriph_Driver\src\stm32f4xx_rcc.o
                                                  Libraries\STM32F4xx_StdPeriph_Driver\src\stm32f4xx_gpio.o
RCC_AHB2PeriphClockCmd                            Libraries\STM32F4xx_StdPeriph_Driver\src\stm32f4xx_rcc.o
RCC_AHB2PeriphClockLPModeCmd                      Libraries\STM32F4xx_StdPeriph_Driver\src\stm32f4xx_rcc.o
RCC_AHB2PeriphResetCmd                            Libraries\STM32F4xx_StdPeriph_Driver\src\stm32f4xx_rcc.o
                                                  Libraries\STM32F4xx_StdPeriph_Driver\src\stm32f4xx_rng.o
                                                  Libraries\STM32F4xx_StdPeriph_Driver\src\stm32f4xx_hash.o
                                                  Libraries\STM32F4xx_StdPeriph_Driver\src\stm32f4xx_cryp.o
RCC_AHB3PeriphClockCmd                            Libraries\STM32F4xx_StdPeriph_Driver\src\stm32f4xx_rcc.o
RCC_AHB3PeriphClockLPModeCmd                      Libraries\STM32F4xx_StdPeriph_Driver\src\stm32f4xx_rcc.o
RCC_AHB3PeriphResetCmd                            Libraries\STM32F4xx_StdPeriph_Driver\src\stm32f4xx_rcc.o
RCC_APB1PeriphClockCmd                            Libraries\STM32F4xx_StdPeriph_Driver\src\stm32f4xx_rcc.o
RCC_APB1PeriphClockLPModeCmd                      Libraries\STM32F4xx_StdPeriph_Driver\src\stm32f4xx_rcc.o